Archive member included to satisfy reference by file (symbol)

../lab3_bsp/\libhal_bsp.a(alt_iic.o)
                              obj/default/timers_and_interrupts.o (alt_ic_isr_register)
../lab3_bsp/\libhal_bsp.a(alt_iic_isr_register.o)
                              ../lab3_bsp/\libhal_bsp.a(alt_iic.o) (alt_iic_isr_register)
../lab3_bsp/\libhal_bsp.a(alt_irq_entry.o)
                              ../lab3_bsp/\libhal_bsp.a(alt_iic_isr_register.o) (alt_irq_entry)
../lab3_bsp/\libhal_bsp.a(alt_irq_handler.o)
                              ../lab3_bsp/\libhal_bsp.a(alt_iic_isr_register.o) (alt_irq)
../lab3_bsp/\libhal_bsp.a(alt_irq_vars.o)
                              ../lab3_bsp/\libhal_bsp.a(alt_iic.o) (alt_irq_active)
../lab3_bsp/\libhal_bsp.a(alt_load.o)
                              ../lab3_bsp//obj/HAL/src/crt0.o (alt_load)
../lab3_bsp/\libhal_bsp.a(alt_main.o)
                              ../lab3_bsp//obj/HAL/src/crt0.o (alt_main)
../lab3_bsp/\libhal_bsp.a(alt_sys_init.o)
                              ../lab3_bsp/\libhal_bsp.a(alt_main.o) (alt_irq_init)
../lab3_bsp/\libhal_bsp.a(altera_avalon_jtag_uart_fd.o)
                              ../lab3_bsp/\libhal_bsp.a(alt_sys_init.o) (altera_avalon_jtag_uart_read_fd)
../lab3_bsp/\libhal_bsp.a(altera_avalon_jtag_uart_init.o)
                              ../lab3_bsp/\libhal_bsp.a(alt_sys_init.o) (altera_avalon_jtag_uart_init)
../lab3_bsp/\libhal_bsp.a(altera_avalon_jtag_uart_ioctl.o)
                              ../lab3_bsp/\libhal_bsp.a(altera_avalon_jtag_uart_fd.o) (altera_avalon_jtag_uart_ioctl)
../lab3_bsp/\libhal_bsp.a(altera_avalon_jtag_uart_read.o)
                              ../lab3_bsp/\libhal_bsp.a(altera_avalon_jtag_uart_fd.o) (altera_avalon_jtag_uart_read)
../lab3_bsp/\libhal_bsp.a(altera_avalon_jtag_uart_write.o)
                              ../lab3_bsp/\libhal_bsp.a(altera_avalon_jtag_uart_fd.o) (altera_avalon_jtag_uart_write)
../lab3_bsp/\libhal_bsp.a(altera_avalon_timer_sc.o)
                              ../lab3_bsp/\libhal_bsp.a(alt_sys_init.o) (alt_avalon_timer_sc_init)
../lab3_bsp/\libhal_bsp.a(alt_alarm_start.o)
                              ../lab3_bsp/\libhal_bsp.a(altera_avalon_jtag_uart_init.o) (alt_alarm_start)
../lab3_bsp/\libhal_bsp.a(alt_close.o)
                              ../lab3_bsp/\libhal_bsp.a(alt_main.o) (close)
../lab3_bsp/\libhal_bsp.a(alt_dcache_flush_all.o)
                              ../lab3_bsp/\libhal_bsp.a(alt_load.o) (alt_dcache_flush_all)
../lab3_bsp/\libhal_bsp.a(alt_dev.o)
                              ../lab3_bsp/\libhal_bsp.a(alt_sys_init.o) (alt_dev_list)
../lab3_bsp/\libhal_bsp.a(alt_dev_llist_insert.o)
                              ../lab3_bsp/\libhal_bsp.a(alt_sys_init.o) (alt_dev_llist_insert)
../lab3_bsp/\libhal_bsp.a(alt_do_ctors.o)
                              ../lab3_bsp/\libhal_bsp.a(alt_main.o) (_do_ctors)
../lab3_bsp/\libhal_bsp.a(alt_do_dtors.o)
                              ../lab3_bsp/\libhal_bsp.a(alt_main.o) (_do_dtors)
../lab3_bsp/\libhal_bsp.a(alt_errno.o)
                              ../lab3_bsp/\libhal_bsp.a(alt_close.o) (alt_errno)
../lab3_bsp/\libhal_bsp.a(alt_exception_entry.o)
                              ../lab3_bsp/\libhal_bsp.a(alt_irq_entry.o) (alt_exception)
../lab3_bsp/\libhal_bsp.a(alt_icache_flush_all.o)
                              ../lab3_bsp/\libhal_bsp.a(alt_load.o) (alt_icache_flush_all)
../lab3_bsp/\libhal_bsp.a(alt_instruction_exception_entry.o)
                              ../lab3_bsp/\libhal_bsp.a(alt_exception_entry.o) (alt_instruction_exception_entry)
../lab3_bsp/\libhal_bsp.a(alt_io_redirect.o)
                              ../lab3_bsp/\libhal_bsp.a(alt_main.o) (alt_io_redirect)
../lab3_bsp/\libhal_bsp.a(alt_open.o)
                              ../lab3_bsp/\libhal_bsp.a(alt_io_redirect.o) (open)
../lab3_bsp/\libhal_bsp.a(alt_release_fd.o)
                              ../lab3_bsp/\libhal_bsp.a(alt_close.o) (alt_release_fd)
../lab3_bsp/\libhal_bsp.a(alt_tick.o)
                              ../lab3_bsp/\libhal_bsp.a(altera_avalon_jtag_uart_init.o) (_alt_tick_rate)
../lab3_bsp/\libhal_bsp.a(altera_nios2_gen2_irq.o)
                              ../lab3_bsp/\libhal_bsp.a(alt_sys_init.o) (altera_nios2_gen2_irq_init)
../lab3_bsp/\libhal_bsp.a(alt_find_dev.o)
                              ../lab3_bsp/\libhal_bsp.a(alt_open.o) (alt_find_dev)
../lab3_bsp/\libhal_bsp.a(alt_find_file.o)
                              ../lab3_bsp/\libhal_bsp.a(alt_open.o) (alt_find_file)
../lab3_bsp/\libhal_bsp.a(alt_get_fd.o)
                              ../lab3_bsp/\libhal_bsp.a(alt_open.o) (alt_get_fd)
c:/intelfpga_lite/18.1/nios2eds/bin/gnu/h-x86_64-mingw32/bin/../lib/gcc/nios2-elf/5.3.0/../../../../../H-x86_64-mingw32/nios2-elf/lib/mno-hw-mul\libc.a(lib_a-atexit.o)
                              ../lab3_bsp/\libhal_bsp.a(alt_main.o) (atexit)
c:/intelfpga_lite/18.1/nios2eds/bin/gnu/h-x86_64-mingw32/bin/../lib/gcc/nios2-elf/5.3.0/../../../../../H-x86_64-mingw32/nios2-elf/lib/mno-hw-mul\libc.a(lib_a-exit.o)
                              ../lab3_bsp/\libhal_bsp.a(alt_main.o) (exit)
c:/intelfpga_lite/18.1/nios2eds/bin/gnu/h-x86_64-mingw32/bin/../lib/gcc/nios2-elf/5.3.0/../../../../../H-x86_64-mingw32/nios2-elf/lib/mno-hw-mul\libc.a(lib_a-impure.o)
                              c:/intelfpga_lite/18.1/nios2eds/bin/gnu/h-x86_64-mingw32/bin/../lib/gcc/nios2-elf/5.3.0/../../../../../H-x86_64-mingw32/nios2-elf/lib/mno-hw-mul\libc.a(lib_a-exit.o) (_global_impure_ptr)
c:/intelfpga_lite/18.1/nios2eds/bin/gnu/h-x86_64-mingw32/bin/../lib/gcc/nios2-elf/5.3.0/../../../../../H-x86_64-mingw32/nios2-elf/lib/mno-hw-mul\libc.a(lib_a-int_errno.o)
                              ../lab3_bsp/\libhal_bsp.a(alt_close.o) (errno)
c:/intelfpga_lite/18.1/nios2eds/bin/gnu/h-x86_64-mingw32/bin/../lib/gcc/nios2-elf/5.3.0/../../../../../H-x86_64-mingw32/nios2-elf/lib/mno-hw-mul\libc.a(lib_a-memcmp.o)
                              ../lab3_bsp/\libhal_bsp.a(alt_find_dev.o) (memcmp)
c:/intelfpga_lite/18.1/nios2eds/bin/gnu/h-x86_64-mingw32/bin/../lib/gcc/nios2-elf/5.3.0/../../../../../H-x86_64-mingw32/nios2-elf/lib/mno-hw-mul\libc.a(lib_a-memcpy.o)
                              ../lab3_bsp/\libhal_bsp.a(altera_avalon_jtag_uart_read.o) (memcpy)
c:/intelfpga_lite/18.1/nios2eds/bin/gnu/h-x86_64-mingw32/bin/../lib/gcc/nios2-elf/5.3.0/../../../../../H-x86_64-mingw32/nios2-elf/lib/mno-hw-mul\libc.a(lib_a-strlen.o)
                              ../lab3_bsp/\libhal_bsp.a(alt_find_dev.o) (strlen)
c:/intelfpga_lite/18.1/nios2eds/bin/gnu/h-x86_64-mingw32/bin/../lib/gcc/nios2-elf/5.3.0/../../../../../H-x86_64-mingw32/nios2-elf/lib/mno-hw-mul\libc.a(lib_a-__atexit.o)
                              c:/intelfpga_lite/18.1/nios2eds/bin/gnu/h-x86_64-mingw32/bin/../lib/gcc/nios2-elf/5.3.0/../../../../../H-x86_64-mingw32/nios2-elf/lib/mno-hw-mul\libc.a(lib_a-atexit.o) (__register_exitproc)
c:/intelfpga_lite/18.1/nios2eds/bin/gnu/h-x86_64-mingw32/bin/../lib/gcc/nios2-elf/5.3.0/../../../../../H-x86_64-mingw32/nios2-elf/lib/mno-hw-mul\libc.a(lib_a-__call_atexit.o)
                              c:/intelfpga_lite/18.1/nios2eds/bin/gnu/h-x86_64-mingw32/bin/../lib/gcc/nios2-elf/5.3.0/../../../../../H-x86_64-mingw32/nios2-elf/lib/mno-hw-mul\libc.a(lib_a-exit.o) (__call_exitprocs)
c:/intelfpga_lite/18.1/nios2eds/bin/gnu/h-x86_64-mingw32/bin/../lib/gcc/nios2-elf/5.3.0/mno-hw-mul\libgcc.a(lib2-mul.o)
                              ../lab3_bsp/\libhal_bsp.a(alt_close.o) (__mulsi3)
../lab3_bsp/\libhal_bsp.a(alt_exit.o)
                              c:/intelfpga_lite/18.1/nios2eds/bin/gnu/h-x86_64-mingw32/bin/../lib/gcc/nios2-elf/5.3.0/../../../../../H-x86_64-mingw32/nios2-elf/lib/mno-hw-mul\libc.a(lib_a-exit.o) (_exit)

Allocating common symbols
Common symbol       size              file

alt_irq             0x100             ../lab3_bsp/\libhal_bsp.a(alt_irq_handler.o)
errno               0x4               c:/intelfpga_lite/18.1/nios2eds/bin/gnu/h-x86_64-mingw32/bin/../lib/gcc/nios2-elf/5.3.0/../../../../../H-x86_64-mingw32/nios2-elf/lib/mno-hw-mul\libc.a(lib_a-int_errno.o)

Memory Configuration

Name             Origin             Length             Attributes
reset            0x0000000000010000 0x0000000000000020
onchip_memory2_0 0x0000000000010020 0x0000000000008040
*default*        0x0000000000000000 0xffffffffffffffff

Linker script and memory map

LOAD ../lab3_bsp//obj/HAL/src/crt0.o
LOAD obj/default/timers_and_interrupts.o
LOAD c:/intelfpga_lite/18.1/nios2eds/bin/gnu/h-x86_64-mingw32/bin/../lib/gcc/nios2-elf/5.3.0/../../../../../H-x86_64-mingw32/nios2-elf/lib/mno-hw-mul\libstdc++.a
LOAD c:/intelfpga_lite/18.1/nios2eds/bin/gnu/h-x86_64-mingw32/bin/../lib/gcc/nios2-elf/5.3.0/../../../../../H-x86_64-mingw32/nios2-elf/lib/mno-hw-mul\libm.a
LOAD c:/intelfpga_lite/18.1/nios2eds/bin/gnu/h-x86_64-mingw32/bin/../lib/gcc/nios2-elf/5.3.0/mno-hw-mul\libgcc.a
START GROUP
LOAD c:/intelfpga_lite/18.1/nios2eds/bin/gnu/h-x86_64-mingw32/bin/../lib/gcc/nios2-elf/5.3.0/../../../../../H-x86_64-mingw32/nios2-elf/lib/mno-hw-mul\libc.a
LOAD c:/intelfpga_lite/18.1/nios2eds/bin/gnu/h-x86_64-mingw32/bin/../lib/gcc/nios2-elf/5.3.0/mno-hw-mul\libgcc.a
LOAD ../lab3_bsp/\libhal_bsp.a
LOAD c:/intelfpga_lite/18.1/nios2eds/bin/gnu/h-x86_64-mingw32/bin/../lib/gcc/nios2-elf/5.3.0/../../../../../H-x86_64-mingw32/nios2-elf/lib/mno-hw-mul\libm.a
END GROUP
LOAD c:/intelfpga_lite/18.1/nios2eds/bin/gnu/h-x86_64-mingw32/bin/../lib/gcc/nios2-elf/5.3.0/mno-hw-mul\libgcc.a
                0x0000000000010000                __alt_mem_onchip_memory2_0 = 0x10000

.entry          0x0000000000010000       0x20
 *(.entry)
 .entry         0x0000000000010000       0x20 ../lab3_bsp//obj/HAL/src/crt0.o
                0x0000000000010000                __reset

.exceptions     0x0000000000010020      0x210
                0x0000000000010020                PROVIDE (__ram_exceptions_start, ABSOLUTE (.))
                0x0000000000010020                . = ALIGN (0x20)
 *(.irq)
 *(.exceptions.entry.label)
 .exceptions.entry.label
                0x0000000000010020        0x0 ../lab3_bsp/\libhal_bsp.a(alt_irq_entry.o)
                0x0000000000010020                alt_irq_entry
 .exceptions.entry.label
                0x0000000000010020        0x0 ../lab3_bsp/\libhal_bsp.a(alt_exception_entry.o)
                0x0000000000010020                alt_exception
 *(.exceptions.entry.user)
 *(.exceptions.entry.ecc_fatal)
 *(.exceptions.entry)
 .exceptions.entry
                0x0000000000010020       0x54 ../lab3_bsp/\libhal_bsp.a(alt_exception_entry.o)
 *(.exceptions.irqtest.user)
 *(.exceptions.irqtest)
 .exceptions.irqtest
                0x0000000000010074       0x10 ../lab3_bsp/\libhal_bsp.a(alt_irq_entry.o)
 *(.exceptions.irqhandler.user)
 *(.exceptions.irqhandler)
 .exceptions.irqhandler
                0x0000000000010084        0x4 ../lab3_bsp/\libhal_bsp.a(alt_irq_entry.o)
 *(.exceptions.irqreturn.user)
 *(.exceptions.irqreturn)
 .exceptions.irqreturn
                0x0000000000010088        0x4 ../lab3_bsp/\libhal_bsp.a(alt_irq_entry.o)
 *(.exceptions.notirq.label)
 .exceptions.notirq.label
                0x000000000001008c        0x0 ../lab3_bsp/\libhal_bsp.a(alt_irq_entry.o)
 *(.exceptions.notirq.user)
 *(.exceptions.notirq)
 .exceptions.notirq
                0x000000000001008c        0x8 ../lab3_bsp/\libhal_bsp.a(alt_exception_entry.o)
 *(.exceptions.soft.user)
 *(.exceptions.soft)
 *(.exceptions.unknown.user)
 *(.exceptions.unknown)
 .exceptions.unknown
                0x0000000000010094       0x14 ../lab3_bsp/\libhal_bsp.a(alt_exception_entry.o)
 *(.exceptions.exit.label)
 .exceptions.exit.label
                0x00000000000100a8        0x0 ../lab3_bsp/\libhal_bsp.a(alt_irq_entry.o)
 .exceptions.exit.label
                0x00000000000100a8        0x0 ../lab3_bsp/\libhal_bsp.a(alt_exception_entry.o)
 *(.exceptions.exit.user)
 *(.exceptions.exit)
 .exceptions.exit
                0x00000000000100a8       0x54 ../lab3_bsp/\libhal_bsp.a(alt_exception_entry.o)
 *(.exceptions)
 .exceptions    0x00000000000100fc       0xd4 ../lab3_bsp/\libhal_bsp.a(alt_irq_handler.o)
                0x00000000000100fc                alt_irq_handler
 .exceptions    0x00000000000101d0       0x60 ../lab3_bsp/\libhal_bsp.a(alt_instruction_exception_entry.o)
                0x00000000000101d0                alt_instruction_exception_entry
                0x0000000000010230                PROVIDE (__ram_exceptions_end, ABSOLUTE (.))
                0x0000000000010020                PROVIDE (__flash_exceptions_start, LOADADDR (.exceptions))

.text           0x0000000000010230     0x264c
                [!provide]                        PROVIDE (stext, ABSOLUTE (.))
 *(.interp)
 *(.hash)
 *(.dynsym)
 *(.dynstr)
 *(.gnu.version)
 *(.gnu.version_d)
 *(.gnu.version_r)
 *(.rel.init)
 *(.rela.init)
 *(.rel.text .rel.text.* .rel.gnu.linkonce.t.*)
 *(.rela.text .rela.text.* .rela.gnu.linkonce.t.*)
 *(.rel.fini)
 *(.rela.fini)
 *(.rel.rodata .rel.rodata.* .rel.gnu.linkonce.r.*)
 *(.rela.rodata .rela.rodata.* .rela.gnu.linkonce.r.*)
 *(.rel.data .rel.data.* .rel.gnu.linkonce.d.*)
 *(.rela.data .rela.data.* .rela.gnu.linkonce.d.*)
 *(.rel.tdata .rel.tdata.* .rel.gnu.linkonce.td.*)
 *(.rela.tdata .rela.tdata.* .rela.gnu.linkonce.td.*)
 *(.rel.tbss .rel.tbss.* .rel.gnu.linkonce.tb.*)
 *(.rela.tbss .rela.tbss.* .rela.gnu.linkonce.tb.*)
 *(.rel.ctors)
 *(.rela.ctors)
 *(.rel.dtors)
 *(.rela.dtors)
 *(.rel.got)
 *(.rela.got)
 *(.rel.sdata .rel.sdata.* .rel.gnu.linkonce.s.*)
 *(.rela.sdata .rela.sdata.* .rela.gnu.linkonce.s.*)
 *(.rel.sbss .rel.sbss.* .rel.gnu.linkonce.sb.*)
 *(.rela.sbss .rela.sbss.* .rela.gnu.linkonce.sb.*)
 *(.rel.sdata2 .rel.sdata2.* .rel.gnu.linkonce.s2.*)
 *(.rela.sdata2 .rela.sdata2.* .rela.gnu.linkonce.s2.*)
 *(.rel.sbss2 .rel.sbss2.* .rel.gnu.linkonce.sb2.*)
 *(.rela.sbss2 .rela.sbss2.* .rela.gnu.linkonce.sb2.*)
 *(.rel.bss .rel.bss.* .rel.gnu.linkonce.b.*)
 *(.rela.bss .rela.bss.* .rela.gnu.linkonce.b.*)
 *(.rel.plt)
 *(.rela.plt)
 *(.rel.dyn)
 *(.init)
 *(.plt)
 *(.text .stub .text.* .gnu.linkonce.t.*)
 .text          0x0000000000010230       0x3c ../lab3_bsp//obj/HAL/src/crt0.o
                0x0000000000010230                _start
 .text          0x000000000001026c      0x2cc obj/default/timers_and_interrupts.o
                0x000000000001046c                main
 .text          0x0000000000010538      0x1b0 ../lab3_bsp/\libhal_bsp.a(alt_iic.o)
                0x0000000000010538                alt_ic_isr_register
                0x0000000000010588                alt_ic_irq_enable
                0x0000000000010610                alt_ic_irq_disable
                0x000000000001069c                alt_ic_irq_enabled
 .text          0x00000000000106e8       0xf0 ../lab3_bsp/\libhal_bsp.a(alt_iic_isr_register.o)
                0x00000000000106e8                alt_iic_isr_register
 .text          0x00000000000107d8        0x0 ../lab3_bsp/\libhal_bsp.a(alt_irq_entry.o)
 .text          0x00000000000107d8        0x0 ../lab3_bsp/\libhal_bsp.a(alt_irq_handler.o)
 .text          0x00000000000107d8        0x0 ../lab3_bsp/\libhal_bsp.a(alt_irq_vars.o)
 .text          0x00000000000107d8       0xec ../lab3_bsp/\libhal_bsp.a(alt_load.o)
                0x0000000000010840                alt_load
 .text          0x00000000000108c4       0x7c ../lab3_bsp/\libhal_bsp.a(alt_main.o)
                0x00000000000108c4                alt_main
 .text          0x0000000000010940       0xd0 ../lab3_bsp/\libhal_bsp.a(alt_sys_init.o)
                0x0000000000010974                alt_irq_init
                0x00000000000109ac                alt_sys_init
 .text          0x0000000000010a10      0x164 ../lab3_bsp/\libhal_bsp.a(altera_avalon_jtag_uart_fd.o)
                0x0000000000010a10                altera_avalon_jtag_uart_read_fd
                0x0000000000010a70                altera_avalon_jtag_uart_write_fd
                0x0000000000010ad0                altera_avalon_jtag_uart_close_fd
                0x0000000000010b20                altera_avalon_jtag_uart_ioctl_fd
 .text          0x0000000000010b74      0x3d4 ../lab3_bsp/\libhal_bsp.a(altera_avalon_jtag_uart_init.o)
                0x0000000000010b74                altera_avalon_jtag_uart_init
                0x0000000000010ee0                altera_avalon_jtag_uart_close
 .text          0x0000000000010f48       0xf0 ../lab3_bsp/\libhal_bsp.a(altera_avalon_jtag_uart_ioctl.o)
                0x0000000000010f48                altera_avalon_jtag_uart_ioctl
 .text          0x0000000000011038      0x21c ../lab3_bsp/\libhal_bsp.a(altera_avalon_jtag_uart_read.o)
                0x0000000000011038                altera_avalon_jtag_uart_read
 .text          0x0000000000011254      0x224 ../lab3_bsp/\libhal_bsp.a(altera_avalon_jtag_uart_write.o)
                0x0000000000011254                altera_avalon_jtag_uart_write
 .text          0x0000000000011478       0xf4 ../lab3_bsp/\libhal_bsp.a(altera_avalon_timer_sc.o)
                0x00000000000114f0                alt_avalon_timer_sc_init
 .text          0x000000000001156c      0x12c ../lab3_bsp/\libhal_bsp.a(alt_alarm_start.o)
                0x000000000001156c                alt_alarm_start
 .text          0x0000000000011698      0x114 ../lab3_bsp/\libhal_bsp.a(alt_close.o)
                0x00000000000116d4                close
 .text          0x00000000000117ac       0x20 ../lab3_bsp/\libhal_bsp.a(alt_dcache_flush_all.o)
                0x00000000000117ac                alt_dcache_flush_all
 .text          0x00000000000117cc       0x2c ../lab3_bsp/\libhal_bsp.a(alt_dev.o)
 .text          0x00000000000117f8       0xe0 ../lab3_bsp/\libhal_bsp.a(alt_dev_llist_insert.o)
                0x0000000000011834                alt_dev_llist_insert
 .text          0x00000000000118d8       0x60 ../lab3_bsp/\libhal_bsp.a(alt_do_ctors.o)
                0x00000000000118d8                _do_ctors
 .text          0x0000000000011938       0x60 ../lab3_bsp/\libhal_bsp.a(alt_do_dtors.o)
                0x0000000000011938                _do_dtors
 .text          0x0000000000011998        0x0 ../lab3_bsp/\libhal_bsp.a(alt_errno.o)
 .text          0x0000000000011998        0x0 ../lab3_bsp/\libhal_bsp.a(alt_exception_entry.o)
 .text          0x0000000000011998       0x20 ../lab3_bsp/\libhal_bsp.a(alt_icache_flush_all.o)
                0x0000000000011998                alt_icache_flush_all
 .text          0x00000000000119b8       0x9c ../lab3_bsp/\libhal_bsp.a(alt_instruction_exception_entry.o)
                0x00000000000119b8                alt_exception_cause_generated_bad_addr
 .text          0x0000000000011a54      0x160 ../lab3_bsp/\libhal_bsp.a(alt_io_redirect.o)
                0x0000000000011b38                alt_io_redirect
 .text          0x0000000000011bb4      0x284 ../lab3_bsp/\libhal_bsp.a(alt_open.o)
                0x0000000000011cdc                open
 .text          0x0000000000011e38       0x84 ../lab3_bsp/\libhal_bsp.a(alt_release_fd.o)
                0x0000000000011e38                alt_release_fd
 .text          0x0000000000011ebc      0x1a4 ../lab3_bsp/\libhal_bsp.a(alt_tick.o)
                0x0000000000011ebc                alt_alarm_stop
                0x0000000000011f58                alt_tick
 .text          0x0000000000012060       0x24 ../lab3_bsp/\libhal_bsp.a(altera_nios2_gen2_irq.o)
                0x0000000000012060                altera_nios2_gen2_irq_init
 .text          0x0000000000012084       0x90 ../lab3_bsp/\libhal_bsp.a(alt_find_dev.o)
                0x0000000000012084                alt_find_dev
 .text          0x0000000000012114      0x108 ../lab3_bsp/\libhal_bsp.a(alt_find_file.o)
                0x0000000000012114                alt_find_file
 .text          0x000000000001221c       0xc4 ../lab3_bsp/\libhal_bsp.a(alt_get_fd.o)
                0x000000000001221c                alt_get_fd
 .text          0x00000000000122e0        0x0 c:/intelfpga_lite/18.1/nios2eds/bin/gnu/h-x86_64-mingw32/bin/../lib/gcc/nios2-elf/5.3.0/../../../../../H-x86_64-mingw32/nios2-elf/lib/mno-hw-mul\libc.a(lib_a-atexit.o)
 .text.atexit   0x00000000000122e0       0x14 c:/intelfpga_lite/18.1/nios2eds/bin/gnu/h-x86_64-mingw32/bin/../lib/gcc/nios2-elf/5.3.0/../../../../../H-x86_64-mingw32/nios2-elf/lib/mno-hw-mul\libc.a(lib_a-atexit.o)
                0x00000000000122e0                atexit
 .text          0x00000000000122f4        0x0 c:/intelfpga_lite/18.1/nios2eds/bin/gnu/h-x86_64-mingw32/bin/../lib/gcc/nios2-elf/5.3.0/../../../../../H-x86_64-mingw32/nios2-elf/lib/mno-hw-mul\libc.a(lib_a-exit.o)
 .text.exit     0x00000000000122f4       0x38 c:/intelfpga_lite/18.1/nios2eds/bin/gnu/h-x86_64-mingw32/bin/../lib/gcc/nios2-elf/5.3.0/../../../../../H-x86_64-mingw32/nios2-elf/lib/mno-hw-mul\libc.a(lib_a-exit.o)
                0x00000000000122f4                exit
 .text          0x000000000001232c        0x0 c:/intelfpga_lite/18.1/nios2eds/bin/gnu/h-x86_64-mingw32/bin/../lib/gcc/nios2-elf/5.3.0/../../../../../H-x86_64-mingw32/nios2-elf/lib/mno-hw-mul\libc.a(lib_a-impure.o)
 .text          0x000000000001232c        0x0 c:/intelfpga_lite/18.1/nios2eds/bin/gnu/h-x86_64-mingw32/bin/../lib/gcc/nios2-elf/5.3.0/../../../../../H-x86_64-mingw32/nios2-elf/lib/mno-hw-mul\libc.a(lib_a-int_errno.o)
 .text          0x000000000001232c        0x0 c:/intelfpga_lite/18.1/nios2eds/bin/gnu/h-x86_64-mingw32/bin/../lib/gcc/nios2-elf/5.3.0/../../../../../H-x86_64-mingw32/nios2-elf/lib/mno-hw-mul\libc.a(lib_a-memcmp.o)
 .text.memcmp   0x000000000001232c       0x7c c:/intelfpga_lite/18.1/nios2eds/bin/gnu/h-x86_64-mingw32/bin/../lib/gcc/nios2-elf/5.3.0/../../../../../H-x86_64-mingw32/nios2-elf/lib/mno-hw-mul\libc.a(lib_a-memcmp.o)
                0x000000000001232c                memcmp
 .text          0x00000000000123a8        0x0 c:/intelfpga_lite/18.1/nios2eds/bin/gnu/h-x86_64-mingw32/bin/../lib/gcc/nios2-elf/5.3.0/../../../../../H-x86_64-mingw32/nios2-elf/lib/mno-hw-mul\libc.a(lib_a-memcpy.o)
 .text.memcpy   0x00000000000123a8      0x148 c:/intelfpga_lite/18.1/nios2eds/bin/gnu/h-x86_64-mingw32/bin/../lib/gcc/nios2-elf/5.3.0/../../../../../H-x86_64-mingw32/nios2-elf/lib/mno-hw-mul\libc.a(lib_a-memcpy.o)
                0x00000000000123a8                memcpy
 .text          0x00000000000124f0        0x0 c:/intelfpga_lite/18.1/nios2eds/bin/gnu/h-x86_64-mingw32/bin/../lib/gcc/nios2-elf/5.3.0/../../../../../H-x86_64-mingw32/nios2-elf/lib/mno-hw-mul\libc.a(lib_a-strlen.o)
 .text.strlen   0x00000000000124f0       0x98 c:/intelfpga_lite/18.1/nios2eds/bin/gnu/h-x86_64-mingw32/bin/../lib/gcc/nios2-elf/5.3.0/../../../../../H-x86_64-mingw32/nios2-elf/lib/mno-hw-mul\libc.a(lib_a-strlen.o)
                0x00000000000124f0                strlen
 .text          0x0000000000012588        0x0 c:/intelfpga_lite/18.1/nios2eds/bin/gnu/h-x86_64-mingw32/bin/../lib/gcc/nios2-elf/5.3.0/../../../../../H-x86_64-mingw32/nios2-elf/lib/mno-hw-mul\libc.a(lib_a-__atexit.o)
 .text.__register_exitproc
                0x0000000000012588      0x118 c:/intelfpga_lite/18.1/nios2eds/bin/gnu/h-x86_64-mingw32/bin/../lib/gcc/nios2-elf/5.3.0/../../../../../H-x86_64-mingw32/nios2-elf/lib/mno-hw-mul\libc.a(lib_a-__atexit.o)
                0x0000000000012588                __register_exitproc
 .text          0x00000000000126a0        0x0 c:/intelfpga_lite/18.1/nios2eds/bin/gnu/h-x86_64-mingw32/bin/../lib/gcc/nios2-elf/5.3.0/../../../../../H-x86_64-mingw32/nios2-elf/lib/mno-hw-mul\libc.a(lib_a-__call_atexit.o)
 .text.__call_exitprocs
                0x00000000000126a0      0x180 c:/intelfpga_lite/18.1/nios2eds/bin/gnu/h-x86_64-mingw32/bin/../lib/gcc/nios2-elf/5.3.0/../../../../../H-x86_64-mingw32/nios2-elf/lib/mno-hw-mul\libc.a(lib_a-__call_atexit.o)
                0x00000000000126a0                __call_exitprocs
 .text          0x0000000000012820       0x28 c:/intelfpga_lite/18.1/nios2eds/bin/gnu/h-x86_64-mingw32/bin/../lib/gcc/nios2-elf/5.3.0/mno-hw-mul\libgcc.a(lib2-mul.o)
                0x0000000000012820                __mulsi3
 .text          0x0000000000012848       0x34 ../lab3_bsp/\libhal_bsp.a(alt_exit.o)
                0x0000000000012848                _exit
 *(.gnu.warning.*)
 *(.fini)
                [!provide]                        PROVIDE (__etext, ABSOLUTE (.))
                [!provide]                        PROVIDE (_etext, ABSOLUTE (.))
                [!provide]                        PROVIDE (etext, ABSOLUTE (.))
 *(.eh_frame_hdr)
                0x000000000001287c                . = ALIGN (0x4)
                [!provide]                        PROVIDE (__preinit_array_start, ABSOLUTE (.))
 *(.preinit_array)
                [!provide]                        PROVIDE (__preinit_array_end, ABSOLUTE (.))
                [!provide]                        PROVIDE (__init_array_start, ABSOLUTE (.))
 *(.init_array)
                [!provide]                        PROVIDE (__init_array_end, ABSOLUTE (.))
                [!provide]                        PROVIDE (__fini_array_start, ABSOLUTE (.))
 *(.fini_array)
                [!provide]                        PROVIDE (__fini_array_end, ABSOLUTE (.))
 *(.eh_frame)
 *(.gcc_except_table .gcc_except_table.*)
 *(.dynamic)
                0x000000000001287c                PROVIDE (__CTOR_LIST__, ABSOLUTE (.))
 *(.ctors)
 *(SORT(.ctors.*))
                0x000000000001287c                PROVIDE (__CTOR_END__, ABSOLUTE (.))
                0x000000000001287c                PROVIDE (__DTOR_LIST__, ABSOLUTE (.))
 *(.dtors)
 *(SORT(.dtors.*))
                0x000000000001287c                PROVIDE (__DTOR_END__, ABSOLUTE (.))
 *(.jcr)
                0x000000000001287c                . = ALIGN (0x4)

.rodata         0x000000000001287c       0x44
                0x000000000001287c                PROVIDE (__ram_rodata_start, ABSOLUTE (.))
                0x000000000001287c                . = ALIGN (0x4)
 *(.rodata .rodata.* .gnu.linkonce.r.*)
 .rodata        0x000000000001287c        0xa obj/default/timers_and_interrupts.o
 *fill*         0x0000000000012886        0x2 
 .rodata        0x0000000000012888       0x11 ../lab3_bsp/\libhal_bsp.a(alt_main.o)
 *fill*         0x0000000000012899        0x3 
 .rodata        0x000000000001289c       0x11 ../lab3_bsp/\libhal_bsp.a(alt_sys_init.o)
 *fill*         0x00000000000128ad        0x3 
 .rodata        0x00000000000128b0        0xa ../lab3_bsp/\libhal_bsp.a(alt_dev.o)
 *fill*         0x00000000000128ba        0x2 
 .rodata.str1.4
                0x00000000000128bc        0x4 c:/intelfpga_lite/18.1/nios2eds/bin/gnu/h-x86_64-mingw32/bin/../lib/gcc/nios2-elf/5.3.0/../../../../../H-x86_64-mingw32/nios2-elf/lib/mno-hw-mul\libc.a(lib_a-impure.o)
                                          0x2 (size before relaxing)
 *(.rodata1)
                0x00000000000128c0                . = ALIGN (0x4)
                0x00000000000128c0                PROVIDE (__ram_rodata_end, ABSOLUTE (.))
                0x000000000001287c                PROVIDE (__flash_rodata_start, LOADADDR (.rodata))

.rwdata         0x00000000000128c0     0x1658 load address 0x0000000000013f18
                0x00000000000128c0                PROVIDE (__ram_rwdata_start, ABSOLUTE (.))
                0x00000000000128c0                . = ALIGN (0x4)
 *(.got.plt)
 *(.got)
 *(.data1)
 *(.data .data.* .gnu.linkonce.d.*)
 .data          0x00000000000128c0        0x0 ../lab3_bsp//obj/HAL/src/crt0.o
 .data          0x00000000000128c0        0x0 obj/default/timers_and_interrupts.o
 .data          0x00000000000128c0        0x0 ../lab3_bsp/\libhal_bsp.a(alt_iic.o)
 .data          0x00000000000128c0        0x0 ../lab3_bsp/\libhal_bsp.a(alt_iic_isr_register.o)
 .data          0x00000000000128c0        0x0 ../lab3_bsp/\libhal_bsp.a(alt_irq_entry.o)
 .data          0x00000000000128c0        0x0 ../lab3_bsp/\libhal_bsp.a(alt_irq_handler.o)
 .data          0x00000000000128c0        0x0 ../lab3_bsp/\libhal_bsp.a(alt_irq_vars.o)
 .data          0x00000000000128c0        0x0 ../lab3_bsp/\libhal_bsp.a(alt_load.o)
 .data          0x00000000000128c0        0x0 ../lab3_bsp/\libhal_bsp.a(alt_main.o)
 .data          0x00000000000128c0     0x1060 ../lab3_bsp/\libhal_bsp.a(alt_sys_init.o)
 .data          0x0000000000013920        0x0 ../lab3_bsp/\libhal_bsp.a(altera_avalon_jtag_uart_fd.o)
 .data          0x0000000000013920        0x0 ../lab3_bsp/\libhal_bsp.a(altera_avalon_jtag_uart_init.o)
 .data          0x0000000000013920        0x0 ../lab3_bsp/\libhal_bsp.a(altera_avalon_jtag_uart_ioctl.o)
 .data          0x0000000000013920        0x0 ../lab3_bsp/\libhal_bsp.a(altera_avalon_jtag_uart_read.o)
 .data          0x0000000000013920        0x0 ../lab3_bsp/\libhal_bsp.a(altera_avalon_jtag_uart_write.o)
 .data          0x0000000000013920        0x0 ../lab3_bsp/\libhal_bsp.a(altera_avalon_timer_sc.o)
 .data          0x0000000000013920        0x0 ../lab3_bsp/\libhal_bsp.a(alt_alarm_start.o)
 .data          0x0000000000013920        0x0 ../lab3_bsp/\libhal_bsp.a(alt_close.o)
 .data          0x0000000000013920        0x0 ../lab3_bsp/\libhal_bsp.a(alt_dcache_flush_all.o)
 .data          0x0000000000013920      0x1a8 ../lab3_bsp/\libhal_bsp.a(alt_dev.o)
                0x0000000000013920                alt_dev_null
                0x0000000000013948                alt_fd_list
 .data          0x0000000000013ac8        0x0 ../lab3_bsp/\libhal_bsp.a(alt_dev_llist_insert.o)
 .data          0x0000000000013ac8        0x0 ../lab3_bsp/\libhal_bsp.a(alt_do_ctors.o)
 .data          0x0000000000013ac8        0x0 ../lab3_bsp/\libhal_bsp.a(alt_do_dtors.o)
 .data          0x0000000000013ac8        0x0 ../lab3_bsp/\libhal_bsp.a(alt_errno.o)
 .data          0x0000000000013ac8        0x0 ../lab3_bsp/\libhal_bsp.a(alt_exception_entry.o)
 .data          0x0000000000013ac8        0x0 ../lab3_bsp/\libhal_bsp.a(alt_icache_flush_all.o)
 .data          0x0000000000013ac8        0x0 ../lab3_bsp/\libhal_bsp.a(alt_instruction_exception_entry.o)
 .data          0x0000000000013ac8        0x0 ../lab3_bsp/\libhal_bsp.a(alt_io_redirect.o)
 .data          0x0000000000013ac8        0x0 ../lab3_bsp/\libhal_bsp.a(alt_open.o)
 .data          0x0000000000013ac8        0x0 ../lab3_bsp/\libhal_bsp.a(alt_release_fd.o)
 .data          0x0000000000013ac8        0x0 ../lab3_bsp/\libhal_bsp.a(alt_tick.o)
 .data          0x0000000000013ac8        0x0 ../lab3_bsp/\libhal_bsp.a(altera_nios2_gen2_irq.o)
 .data          0x0000000000013ac8        0x0 ../lab3_bsp/\libhal_bsp.a(alt_find_dev.o)
 .data          0x0000000000013ac8        0x0 ../lab3_bsp/\libhal_bsp.a(alt_find_file.o)
 .data          0x0000000000013ac8        0x0 ../lab3_bsp/\libhal_bsp.a(alt_get_fd.o)
 .data          0x0000000000013ac8        0x0 c:/intelfpga_lite/18.1/nios2eds/bin/gnu/h-x86_64-mingw32/bin/../lib/gcc/nios2-elf/5.3.0/../../../../../H-x86_64-mingw32/nios2-elf/lib/mno-hw-mul\libc.a(lib_a-atexit.o)
 .data          0x0000000000013ac8        0x0 c:/intelfpga_lite/18.1/nios2eds/bin/gnu/h-x86_64-mingw32/bin/../lib/gcc/nios2-elf/5.3.0/../../../../../H-x86_64-mingw32/nios2-elf/lib/mno-hw-mul\libc.a(lib_a-exit.o)
 .data          0x0000000000013ac8        0x0 c:/intelfpga_lite/18.1/nios2eds/bin/gnu/h-x86_64-mingw32/bin/../lib/gcc/nios2-elf/5.3.0/../../../../../H-x86_64-mingw32/nios2-elf/lib/mno-hw-mul\libc.a(lib_a-impure.o)
 .data.impure_data
                0x0000000000013ac8      0x424 c:/intelfpga_lite/18.1/nios2eds/bin/gnu/h-x86_64-mingw32/bin/../lib/gcc/nios2-elf/5.3.0/../../../../../H-x86_64-mingw32/nios2-elf/lib/mno-hw-mul\libc.a(lib_a-impure.o)
 .data          0x0000000000013eec        0x0 c:/intelfpga_lite/18.1/nios2eds/bin/gnu/h-x86_64-mingw32/bin/../lib/gcc/nios2-elf/5.3.0/../../../../../H-x86_64-mingw32/nios2-elf/lib/mno-hw-mul\libc.a(lib_a-int_errno.o)
 .data          0x0000000000013eec        0x0 c:/intelfpga_lite/18.1/nios2eds/bin/gnu/h-x86_64-mingw32/bin/../lib/gcc/nios2-elf/5.3.0/../../../../../H-x86_64-mingw32/nios2-elf/lib/mno-hw-mul\libc.a(lib_a-memcmp.o)
 .data          0x0000000000013eec        0x0 c:/intelfpga_lite/18.1/nios2eds/bin/gnu/h-x86_64-mingw32/bin/../lib/gcc/nios2-elf/5.3.0/../../../../../H-x86_64-mingw32/nios2-elf/lib/mno-hw-mul\libc.a(lib_a-memcpy.o)
 .data          0x0000000000013eec        0x0 c:/intelfpga_lite/18.1/nios2eds/bin/gnu/h-x86_64-mingw32/bin/../lib/gcc/nios2-elf/5.3.0/../../../../../H-x86_64-mingw32/nios2-elf/lib/mno-hw-mul\libc.a(lib_a-strlen.o)
 .data          0x0000000000013eec        0x0 c:/intelfpga_lite/18.1/nios2eds/bin/gnu/h-x86_64-mingw32/bin/../lib/gcc/nios2-elf/5.3.0/../../../../../H-x86_64-mingw32/nios2-elf/lib/mno-hw-mul\libc.a(lib_a-__atexit.o)
 .data          0x0000000000013eec        0x0 c:/intelfpga_lite/18.1/nios2eds/bin/gnu/h-x86_64-mingw32/bin/../lib/gcc/nios2-elf/5.3.0/../../../../../H-x86_64-mingw32/nios2-elf/lib/mno-hw-mul\libc.a(lib_a-__call_atexit.o)
 .data          0x0000000000013eec        0x0 c:/intelfpga_lite/18.1/nios2eds/bin/gnu/h-x86_64-mingw32/bin/../lib/gcc/nios2-elf/5.3.0/mno-hw-mul\libgcc.a(lib2-mul.o)
 .data          0x0000000000013eec        0x0 ../lab3_bsp/\libhal_bsp.a(alt_exit.o)
                0x000000000001beec                _gp = ABSOLUTE ((. + 0x8000))
                [!provide]                        PROVIDE (gp, _gp)
 *(.rwdata .rwdata.*)
 *(.sdata .sdata.* .gnu.linkonce.s.*)
 .sdata         0x0000000000013eec        0x4 ../lab3_bsp/\libhal_bsp.a(alt_irq_vars.o)
                0x0000000000013eec                alt_priority_mask
 .sdata         0x0000000000013ef0       0x14 ../lab3_bsp/\libhal_bsp.a(alt_dev.o)
                0x0000000000013ef0                alt_fs_list
                0x0000000000013ef8                alt_dev_list
                0x0000000000013f00                alt_max_fd
 .sdata         0x0000000000013f04        0x4 ../lab3_bsp/\libhal_bsp.a(alt_errno.o)
                0x0000000000013f04                alt_errno
 .sdata         0x0000000000013f08        0x8 ../lab3_bsp/\libhal_bsp.a(alt_tick.o)
                0x0000000000013f08                alt_alarm_list
 .sdata._global_impure_ptr
                0x0000000000013f10        0x4 c:/intelfpga_lite/18.1/nios2eds/bin/gnu/h-x86_64-mingw32/bin/../lib/gcc/nios2-elf/5.3.0/../../../../../H-x86_64-mingw32/nios2-elf/lib/mno-hw-mul\libc.a(lib_a-impure.o)
                0x0000000000013f10                _global_impure_ptr
 .sdata._impure_ptr
                0x0000000000013f14        0x4 c:/intelfpga_lite/18.1/nios2eds/bin/gnu/h-x86_64-mingw32/bin/../lib/gcc/nios2-elf/5.3.0/../../../../../H-x86_64-mingw32/nios2-elf/lib/mno-hw-mul\libc.a(lib_a-impure.o)
                0x0000000000013f14                _impure_ptr
 *(.sdata2 .sdata2.* .gnu.linkonce.s2.*)
                0x0000000000013f18                . = ALIGN (0x4)
                0x0000000000013f18                _edata = ABSOLUTE (.)
                [!provide]                        PROVIDE (edata, ABSOLUTE (.))
                0x0000000000013f18                PROVIDE (__ram_rwdata_end, ABSOLUTE (.))
                0x0000000000013f18                PROVIDE (__flash_rwdata_start, LOADADDR (.rwdata))

.bss            0x0000000000015570      0x128
                0x0000000000015570                __bss_start = ABSOLUTE (.)
                [!provide]                        PROVIDE (__sbss_start, ABSOLUTE (.))
                [!provide]                        PROVIDE (___sbss_start, ABSOLUTE (.))
 *(.dynsbss)
 *(.sbss .sbss.* .gnu.linkonce.sb.*)
 .sbss          0x0000000000015570        0x5 obj/default/timers_and_interrupts.o
                0x0000000000015570                g_count
                0x0000000000015574                g_led_state
 *fill*         0x0000000000015575        0x3 
 .sbss          0x0000000000015578        0x4 ../lab3_bsp/\libhal_bsp.a(alt_irq_vars.o)
                0x0000000000015578                alt_irq_active
 .sbss          0x000000000001557c        0xc ../lab3_bsp/\libhal_bsp.a(alt_main.o)
                0x000000000001557c                alt_argc
                0x0000000000015580                alt_argv
                0x0000000000015584                alt_envp
 .sbss          0x0000000000015588        0x4 ../lab3_bsp/\libhal_bsp.a(alt_instruction_exception_entry.o)
                0x0000000000015588                alt_instruction_exception_handler
 .sbss          0x000000000001558c        0x8 ../lab3_bsp/\libhal_bsp.a(alt_tick.o)
                0x000000000001558c                _alt_tick_rate
                0x0000000000015590                _alt_nticks
 .sbss          0x0000000000015594        0x4 c:/intelfpga_lite/18.1/nios2eds/bin/gnu/h-x86_64-mingw32/bin/../lib/gcc/nios2-elf/5.3.0/../../../../../H-x86_64-mingw32/nios2-elf/lib/mno-hw-mul\libc.a(lib_a-int_errno.o)
                0x0000000000015594                errno
 *(.sbss2 .sbss2.* .gnu.linkonce.sb2.*)
 *(.scommon)
                [!provide]                        PROVIDE (__sbss_end, ABSOLUTE (.))
                [!provide]                        PROVIDE (___sbss_end, ABSOLUTE (.))
 *(.dynbss)
 *(.bss .bss.* .gnu.linkonce.b.*)
 .bss           0x0000000000015598        0x0 ../lab3_bsp//obj/HAL/src/crt0.o
 .bss           0x0000000000015598        0x0 obj/default/timers_and_interrupts.o
 .bss           0x0000000000015598        0x0 ../lab3_bsp/\libhal_bsp.a(alt_iic.o)
 .bss           0x0000000000015598        0x0 ../lab3_bsp/\libhal_bsp.a(alt_iic_isr_register.o)
 .bss           0x0000000000015598        0x0 ../lab3_bsp/\libhal_bsp.a(alt_irq_entry.o)
 .bss           0x0000000000015598        0x0 ../lab3_bsp/\libhal_bsp.a(alt_irq_handler.o)
 .bss           0x0000000000015598        0x0 ../lab3_bsp/\libhal_bsp.a(alt_irq_vars.o)
 .bss           0x0000000000015598        0x0 ../lab3_bsp/\libhal_bsp.a(alt_load.o)
 .bss           0x0000000000015598        0x0 ../lab3_bsp/\libhal_bsp.a(alt_main.o)
 .bss           0x0000000000015598        0x0 ../lab3_bsp/\libhal_bsp.a(alt_sys_init.o)
 .bss           0x0000000000015598        0x0 ../lab3_bsp/\libhal_bsp.a(altera_avalon_jtag_uart_fd.o)
 .bss           0x0000000000015598        0x0 ../lab3_bsp/\libhal_bsp.a(altera_avalon_jtag_uart_init.o)
 .bss           0x0000000000015598        0x0 ../lab3_bsp/\libhal_bsp.a(altera_avalon_jtag_uart_ioctl.o)
 .bss           0x0000000000015598        0x0 ../lab3_bsp/\libhal_bsp.a(altera_avalon_jtag_uart_read.o)
 .bss           0x0000000000015598        0x0 ../lab3_bsp/\libhal_bsp.a(altera_avalon_jtag_uart_write.o)
 .bss           0x0000000000015598        0x0 ../lab3_bsp/\libhal_bsp.a(altera_avalon_timer_sc.o)
 .bss           0x0000000000015598        0x0 ../lab3_bsp/\libhal_bsp.a(alt_alarm_start.o)
 .bss           0x0000000000015598        0x0 ../lab3_bsp/\libhal_bsp.a(alt_close.o)
 .bss           0x0000000000015598        0x0 ../lab3_bsp/\libhal_bsp.a(alt_dcache_flush_all.o)
 .bss           0x0000000000015598        0x0 ../lab3_bsp/\libhal_bsp.a(alt_dev.o)
 .bss           0x0000000000015598        0x0 ../lab3_bsp/\libhal_bsp.a(alt_dev_llist_insert.o)
 .bss           0x0000000000015598        0x0 ../lab3_bsp/\libhal_bsp.a(alt_do_ctors.o)
 .bss           0x0000000000015598        0x0 ../lab3_bsp/\libhal_bsp.a(alt_do_dtors.o)
 .bss           0x0000000000015598        0x0 ../lab3_bsp/\libhal_bsp.a(alt_errno.o)
 .bss           0x0000000000015598        0x0 ../lab3_bsp/\libhal_bsp.a(alt_exception_entry.o)
 .bss           0x0000000000015598        0x0 ../lab3_bsp/\libhal_bsp.a(alt_icache_flush_all.o)
 .bss           0x0000000000015598        0x0 ../lab3_bsp/\libhal_bsp.a(alt_instruction_exception_entry.o)
 .bss           0x0000000000015598        0x0 ../lab3_bsp/\libhal_bsp.a(alt_io_redirect.o)
 .bss           0x0000000000015598        0x0 ../lab3_bsp/\libhal_bsp.a(alt_open.o)
 .bss           0x0000000000015598        0x0 ../lab3_bsp/\libhal_bsp.a(alt_release_fd.o)
 .bss           0x0000000000015598        0x0 ../lab3_bsp/\libhal_bsp.a(alt_tick.o)
 .bss           0x0000000000015598        0x0 ../lab3_bsp/\libhal_bsp.a(altera_nios2_gen2_irq.o)
 .bss           0x0000000000015598        0x0 ../lab3_bsp/\libhal_bsp.a(alt_find_dev.o)
 .bss           0x0000000000015598        0x0 ../lab3_bsp/\libhal_bsp.a(alt_find_file.o)
 .bss           0x0000000000015598        0x0 ../lab3_bsp/\libhal_bsp.a(alt_get_fd.o)
 .bss           0x0000000000015598        0x0 c:/intelfpga_lite/18.1/nios2eds/bin/gnu/h-x86_64-mingw32/bin/../lib/gcc/nios2-elf/5.3.0/../../../../../H-x86_64-mingw32/nios2-elf/lib/mno-hw-mul\libc.a(lib_a-atexit.o)
 .bss           0x0000000000015598        0x0 c:/intelfpga_lite/18.1/nios2eds/bin/gnu/h-x86_64-mingw32/bin/../lib/gcc/nios2-elf/5.3.0/../../../../../H-x86_64-mingw32/nios2-elf/lib/mno-hw-mul\libc.a(lib_a-exit.o)
 .bss           0x0000000000015598        0x0 c:/intelfpga_lite/18.1/nios2eds/bin/gnu/h-x86_64-mingw32/bin/../lib/gcc/nios2-elf/5.3.0/../../../../../H-x86_64-mingw32/nios2-elf/lib/mno-hw-mul\libc.a(lib_a-impure.o)
 .bss           0x0000000000015598        0x0 c:/intelfpga_lite/18.1/nios2eds/bin/gnu/h-x86_64-mingw32/bin/../lib/gcc/nios2-elf/5.3.0/../../../../../H-x86_64-mingw32/nios2-elf/lib/mno-hw-mul\libc.a(lib_a-int_errno.o)
 .bss           0x0000000000015598        0x0 c:/intelfpga_lite/18.1/nios2eds/bin/gnu/h-x86_64-mingw32/bin/../lib/gcc/nios2-elf/5.3.0/../../../../../H-x86_64-mingw32/nios2-elf/lib/mno-hw-mul\libc.a(lib_a-memcmp.o)
 .bss           0x0000000000015598        0x0 c:/intelfpga_lite/18.1/nios2eds/bin/gnu/h-x86_64-mingw32/bin/../lib/gcc/nios2-elf/5.3.0/../../../../../H-x86_64-mingw32/nios2-elf/lib/mno-hw-mul\libc.a(lib_a-memcpy.o)
 .bss           0x0000000000015598        0x0 c:/intelfpga_lite/18.1/nios2eds/bin/gnu/h-x86_64-mingw32/bin/../lib/gcc/nios2-elf/5.3.0/../../../../../H-x86_64-mingw32/nios2-elf/lib/mno-hw-mul\libc.a(lib_a-strlen.o)
 .bss           0x0000000000015598        0x0 c:/intelfpga_lite/18.1/nios2eds/bin/gnu/h-x86_64-mingw32/bin/../lib/gcc/nios2-elf/5.3.0/../../../../../H-x86_64-mingw32/nios2-elf/lib/mno-hw-mul\libc.a(lib_a-__atexit.o)
 .bss           0x0000000000015598        0x0 c:/intelfpga_lite/18.1/nios2eds/bin/gnu/h-x86_64-mingw32/bin/../lib/gcc/nios2-elf/5.3.0/../../../../../H-x86_64-mingw32/nios2-elf/lib/mno-hw-mul\libc.a(lib_a-__call_atexit.o)
 .bss           0x0000000000015598        0x0 c:/intelfpga_lite/18.1/nios2eds/bin/gnu/h-x86_64-mingw32/bin/../lib/gcc/nios2-elf/5.3.0/mno-hw-mul\libgcc.a(lib2-mul.o)
 .bss           0x0000000000015598        0x0 ../lab3_bsp/\libhal_bsp.a(alt_exit.o)
 *(COMMON)
 COMMON         0x0000000000015598      0x100 ../lab3_bsp/\libhal_bsp.a(alt_irq_handler.o)
                0x0000000000015598                alt_irq
                0x0000000000015698                . = ALIGN (0x4)
                0x0000000000015698                __bss_end = ABSOLUTE (.)

.onchip_memory2_0
                0x0000000000015698        0x0
                [!provide]                        PROVIDE (_alt_partition_onchip_memory2_0_start, ABSOLUTE (.))
 *(.onchip_memory2_0 .onchip_memory2_0. onchip_memory2_0.*)
                0x0000000000015698                . = ALIGN (0x4)
                [!provide]                        PROVIDE (_alt_partition_onchip_memory2_0_end, ABSOLUTE (.))
                0x0000000000015698                _end = ABSOLUTE (.)
                0x0000000000015698                end = ABSOLUTE (.)
                0x0000000000015698                __alt_stack_base = ABSOLUTE (.)
                [!provide]                        PROVIDE (_alt_partition_onchip_memory2_0_load_addr, LOADADDR (.onchip_memory2_0))

.stab
 *(.stab)

.stabstr
 *(.stabstr)

.stab.excl
 *(.stab.excl)

.stab.exclstr
 *(.stab.exclstr)

.stab.index
 *(.stab.index)

.stab.indexstr
 *(.stab.indexstr)

.comment        0x0000000000000000       0x23
 *(.comment)
 .comment       0x0000000000000000       0x23 obj/default/timers_and_interrupts.o
                                         0x24 (size before relaxing)
 .comment       0x0000000000000023       0x24 ../lab3_bsp/\libhal_bsp.a(alt_iic.o)
 .comment       0x0000000000000023       0x24 ../lab3_bsp/\libhal_bsp.a(alt_iic_isr_register.o)
 .comment       0x0000000000000023       0x24 ../lab3_bsp/\libhal_bsp.a(alt_irq_handler.o)
 .comment       0x0000000000000023       0x24 ../lab3_bsp/\libhal_bsp.a(alt_irq_vars.o)
 .comment       0x0000000000000023       0x24 ../lab3_bsp/\libhal_bsp.a(alt_load.o)
 .comment       0x0000000000000023       0x24 ../lab3_bsp/\libhal_bsp.a(alt_main.o)
 .comment       0x0000000000000023       0x24 ../lab3_bsp/\libhal_bsp.a(alt_sys_init.o)
 .comment       0x0000000000000023       0x24 ../lab3_bsp/\libhal_bsp.a(altera_avalon_jtag_uart_fd.o)
 .comment       0x0000000000000023       0x24 ../lab3_bsp/\libhal_bsp.a(altera_avalon_jtag_uart_init.o)
 .comment       0x0000000000000023       0x24 ../lab3_bsp/\libhal_bsp.a(altera_avalon_jtag_uart_ioctl.o)
 .comment       0x0000000000000023       0x24 ../lab3_bsp/\libhal_bsp.a(altera_avalon_jtag_uart_read.o)
 .comment       0x0000000000000023       0x24 ../lab3_bsp/\libhal_bsp.a(altera_avalon_jtag_uart_write.o)
 .comment       0x0000000000000023       0x24 ../lab3_bsp/\libhal_bsp.a(altera_avalon_timer_sc.o)
 .comment       0x0000000000000023       0x24 ../lab3_bsp/\libhal_bsp.a(alt_alarm_start.o)
 .comment       0x0000000000000023       0x24 ../lab3_bsp/\libhal_bsp.a(alt_close.o)
 .comment       0x0000000000000023       0x24 ../lab3_bsp/\libhal_bsp.a(alt_dcache_flush_all.o)
 .comment       0x0000000000000023       0x24 ../lab3_bsp/\libhal_bsp.a(alt_dev.o)
 .comment       0x0000000000000023       0x24 ../lab3_bsp/\libhal_bsp.a(alt_dev_llist_insert.o)
 .comment       0x0000000000000023       0x24 ../lab3_bsp/\libhal_bsp.a(alt_do_ctors.o)
 .comment       0x0000000000000023       0x24 ../lab3_bsp/\libhal_bsp.a(alt_do_dtors.o)
 .comment       0x0000000000000023       0x24 ../lab3_bsp/\libhal_bsp.a(alt_errno.o)
 .comment       0x0000000000000023       0x24 ../lab3_bsp/\libhal_bsp.a(alt_icache_flush_all.o)
 .comment       0x0000000000000023       0x24 ../lab3_bsp/\libhal_bsp.a(alt_instruction_exception_entry.o)
 .comment       0x0000000000000023       0x24 ../lab3_bsp/\libhal_bsp.a(alt_io_redirect.o)
 .comment       0x0000000000000023       0x24 ../lab3_bsp/\libhal_bsp.a(alt_open.o)
 .comment       0x0000000000000023       0x24 ../lab3_bsp/\libhal_bsp.a(alt_release_fd.o)
 .comment       0x0000000000000023       0x24 ../lab3_bsp/\libhal_bsp.a(alt_tick.o)
 .comment       0x0000000000000023       0x24 ../lab3_bsp/\libhal_bsp.a(altera_nios2_gen2_irq.o)
 .comment       0x0000000000000023       0x24 ../lab3_bsp/\libhal_bsp.a(alt_find_dev.o)
 .comment       0x0000000000000023       0x24 ../lab3_bsp/\libhal_bsp.a(alt_find_file.o)
 .comment       0x0000000000000023       0x24 ../lab3_bsp/\libhal_bsp.a(alt_get_fd.o)
 .comment       0x0000000000000023       0x24 c:/intelfpga_lite/18.1/nios2eds/bin/gnu/h-x86_64-mingw32/bin/../lib/gcc/nios2-elf/5.3.0/../../../../../H-x86_64-mingw32/nios2-elf/lib/mno-hw-mul\libc.a(lib_a-atexit.o)
 .comment       0x0000000000000023       0x24 c:/intelfpga_lite/18.1/nios2eds/bin/gnu/h-x86_64-mingw32/bin/../lib/gcc/nios2-elf/5.3.0/../../../../../H-x86_64-mingw32/nios2-elf/lib/mno-hw-mul\libc.a(lib_a-exit.o)
 .comment       0x0000000000000023       0x24 c:/intelfpga_lite/18.1/nios2eds/bin/gnu/h-x86_64-mingw32/bin/../lib/gcc/nios2-elf/5.3.0/../../../../../H-x86_64-mingw32/nios2-elf/lib/mno-hw-mul\libc.a(lib_a-impure.o)
 .comment       0x0000000000000023       0x24 c:/intelfpga_lite/18.1/nios2eds/bin/gnu/h-x86_64-mingw32/bin/../lib/gcc/nios2-elf/5.3.0/../../../../../H-x86_64-mingw32/nios2-elf/lib/mno-hw-mul\libc.a(lib_a-int_errno.o)
 .comment       0x0000000000000023       0x24 c:/intelfpga_lite/18.1/nios2eds/bin/gnu/h-x86_64-mingw32/bin/../lib/gcc/nios2-elf/5.3.0/../../../../../H-x86_64-mingw32/nios2-elf/lib/mno-hw-mul\libc.a(lib_a-memcmp.o)
 .comment       0x0000000000000023       0x24 c:/intelfpga_lite/18.1/nios2eds/bin/gnu/h-x86_64-mingw32/bin/../lib/gcc/nios2-elf/5.3.0/../../../../../H-x86_64-mingw32/nios2-elf/lib/mno-hw-mul\libc.a(lib_a-memcpy.o)
 .comment       0x0000000000000023       0x24 c:/intelfpga_lite/18.1/nios2eds/bin/gnu/h-x86_64-mingw32/bin/../lib/gcc/nios2-elf/5.3.0/../../../../../H-x86_64-mingw32/nios2-elf/lib/mno-hw-mul\libc.a(lib_a-strlen.o)
 .comment       0x0000000000000023       0x24 c:/intelfpga_lite/18.1/nios2eds/bin/gnu/h-x86_64-mingw32/bin/../lib/gcc/nios2-elf/5.3.0/../../../../../H-x86_64-mingw32/nios2-elf/lib/mno-hw-mul\libc.a(lib_a-__atexit.o)
 .comment       0x0000000000000023       0x24 c:/intelfpga_lite/18.1/nios2eds/bin/gnu/h-x86_64-mingw32/bin/../lib/gcc/nios2-elf/5.3.0/../../../../../H-x86_64-mingw32/nios2-elf/lib/mno-hw-mul\libc.a(lib_a-__call_atexit.o)
 .comment       0x0000000000000023       0x24 c:/intelfpga_lite/18.1/nios2eds/bin/gnu/h-x86_64-mingw32/bin/../lib/gcc/nios2-elf/5.3.0/mno-hw-mul\libgcc.a(lib2-mul.o)
 .comment       0x0000000000000023       0x24 ../lab3_bsp/\libhal_bsp.a(alt_exit.o)

.debug
 *(.debug)

.line
 *(.line)

.debug_srcinfo
 *(.debug_srcinfo)

.debug_sfnames
 *(.debug_sfnames)

.debug_aranges  0x0000000000000000      0x5d8
 *(.debug_aranges)
 .debug_aranges
                0x0000000000000000       0x28 ../lab3_bsp//obj/HAL/src/crt0.o
 .debug_aranges
                0x0000000000000028       0x20 obj/default/timers_and_interrupts.o
 .debug_aranges
                0x0000000000000048       0x20 ../lab3_bsp/\libhal_bsp.a(alt_iic.o)
 .debug_aranges
                0x0000000000000068       0x20 ../lab3_bsp/\libhal_bsp.a(alt_iic_isr_register.o)
 .debug_aranges
                0x0000000000000088       0x30 ../lab3_bsp/\libhal_bsp.a(alt_irq_entry.o)
 .debug_aranges
                0x00000000000000b8       0x20 ../lab3_bsp/\libhal_bsp.a(alt_irq_handler.o)
 .debug_aranges
                0x00000000000000d8       0x18 ../lab3_bsp/\libhal_bsp.a(alt_irq_vars.o)
 .debug_aranges
                0x00000000000000f0       0x20 ../lab3_bsp/\libhal_bsp.a(alt_load.o)
 .debug_aranges
                0x0000000000000110       0x20 ../lab3_bsp/\libhal_bsp.a(alt_main.o)
 .debug_aranges
                0x0000000000000130       0x20 ../lab3_bsp/\libhal_bsp.a(alt_sys_init.o)
 .debug_aranges
                0x0000000000000150       0x20 ../lab3_bsp/\libhal_bsp.a(altera_avalon_jtag_uart_fd.o)
 .debug_aranges
                0x0000000000000170       0x20 ../lab3_bsp/\libhal_bsp.a(altera_avalon_jtag_uart_init.o)
 .debug_aranges
                0x0000000000000190       0x20 ../lab3_bsp/\libhal_bsp.a(altera_avalon_jtag_uart_ioctl.o)
 .debug_aranges
                0x00000000000001b0       0x20 ../lab3_bsp/\libhal_bsp.a(altera_avalon_jtag_uart_read.o)
 .debug_aranges
                0x00000000000001d0       0x20 ../lab3_bsp/\libhal_bsp.a(altera_avalon_jtag_uart_write.o)
 .debug_aranges
                0x00000000000001f0       0x20 ../lab3_bsp/\libhal_bsp.a(altera_avalon_timer_sc.o)
 .debug_aranges
                0x0000000000000210       0x20 ../lab3_bsp/\libhal_bsp.a(alt_alarm_start.o)
 .debug_aranges
                0x0000000000000230       0x20 ../lab3_bsp/\libhal_bsp.a(alt_close.o)
 .debug_aranges
                0x0000000000000250       0x20 ../lab3_bsp/\libhal_bsp.a(alt_dcache_flush_all.o)
 .debug_aranges
                0x0000000000000270       0x20 ../lab3_bsp/\libhal_bsp.a(alt_dev.o)
 .debug_aranges
                0x0000000000000290       0x20 ../lab3_bsp/\libhal_bsp.a(alt_dev_llist_insert.o)
 .debug_aranges
                0x00000000000002b0       0x20 ../lab3_bsp/\libhal_bsp.a(alt_do_ctors.o)
 .debug_aranges
                0x00000000000002d0       0x20 ../lab3_bsp/\libhal_bsp.a(alt_do_dtors.o)
 .debug_aranges
                0x00000000000002f0       0x18 ../lab3_bsp/\libhal_bsp.a(alt_errno.o)
 .debug_aranges
                0x0000000000000308       0x38 ../lab3_bsp/\libhal_bsp.a(alt_exception_entry.o)
 .debug_aranges
                0x0000000000000340       0x20 ../lab3_bsp/\libhal_bsp.a(alt_icache_flush_all.o)
 .debug_aranges
                0x0000000000000360       0x28 ../lab3_bsp/\libhal_bsp.a(alt_instruction_exception_entry.o)
 .debug_aranges
                0x0000000000000388       0x20 ../lab3_bsp/\libhal_bsp.a(alt_io_redirect.o)
 .debug_aranges
                0x00000000000003a8       0x20 ../lab3_bsp/\libhal_bsp.a(alt_open.o)
 .debug_aranges
                0x00000000000003c8       0x20 ../lab3_bsp/\libhal_bsp.a(alt_release_fd.o)
 .debug_aranges
                0x00000000000003e8       0x20 ../lab3_bsp/\libhal_bsp.a(alt_tick.o)
 .debug_aranges
                0x0000000000000408       0x20 ../lab3_bsp/\libhal_bsp.a(altera_nios2_gen2_irq.o)
 .debug_aranges
                0x0000000000000428       0x20 ../lab3_bsp/\libhal_bsp.a(alt_find_dev.o)
 .debug_aranges
                0x0000000000000448       0x20 ../lab3_bsp/\libhal_bsp.a(alt_find_file.o)
 .debug_aranges
                0x0000000000000468       0x20 ../lab3_bsp/\libhal_bsp.a(alt_get_fd.o)
 .debug_aranges
                0x0000000000000488       0x20 c:/intelfpga_lite/18.1/nios2eds/bin/gnu/h-x86_64-mingw32/bin/../lib/gcc/nios2-elf/5.3.0/../../../../../H-x86_64-mingw32/nios2-elf/lib/mno-hw-mul\libc.a(lib_a-atexit.o)
 .debug_aranges
                0x00000000000004a8       0x20 c:/intelfpga_lite/18.1/nios2eds/bin/gnu/h-x86_64-mingw32/bin/../lib/gcc/nios2-elf/5.3.0/../../../../../H-x86_64-mingw32/nios2-elf/lib/mno-hw-mul\libc.a(lib_a-exit.o)
 .debug_aranges
                0x00000000000004c8       0x18 c:/intelfpga_lite/18.1/nios2eds/bin/gnu/h-x86_64-mingw32/bin/../lib/gcc/nios2-elf/5.3.0/../../../../../H-x86_64-mingw32/nios2-elf/lib/mno-hw-mul\libc.a(lib_a-impure.o)
 .debug_aranges
                0x00000000000004e0       0x18 c:/intelfpga_lite/18.1/nios2eds/bin/gnu/h-x86_64-mingw32/bin/../lib/gcc/nios2-elf/5.3.0/../../../../../H-x86_64-mingw32/nios2-elf/lib/mno-hw-mul\libc.a(lib_a-int_errno.o)
 .debug_aranges
                0x00000000000004f8       0x20 c:/intelfpga_lite/18.1/nios2eds/bin/gnu/h-x86_64-mingw32/bin/../lib/gcc/nios2-elf/5.3.0/../../../../../H-x86_64-mingw32/nios2-elf/lib/mno-hw-mul\libc.a(lib_a-memcmp.o)
 .debug_aranges
                0x0000000000000518       0x20 c:/intelfpga_lite/18.1/nios2eds/bin/gnu/h-x86_64-mingw32/bin/../lib/gcc/nios2-elf/5.3.0/../../../../../H-x86_64-mingw32/nios2-elf/lib/mno-hw-mul\libc.a(lib_a-memcpy.o)
 .debug_aranges
                0x0000000000000538       0x20 c:/intelfpga_lite/18.1/nios2eds/bin/gnu/h-x86_64-mingw32/bin/../lib/gcc/nios2-elf/5.3.0/../../../../../H-x86_64-mingw32/nios2-elf/lib/mno-hw-mul\libc.a(lib_a-strlen.o)
 .debug_aranges
                0x0000000000000558       0x20 c:/intelfpga_lite/18.1/nios2eds/bin/gnu/h-x86_64-mingw32/bin/../lib/gcc/nios2-elf/5.3.0/../../../../../H-x86_64-mingw32/nios2-elf/lib/mno-hw-mul\libc.a(lib_a-__atexit.o)
 .debug_aranges
                0x0000000000000578       0x20 c:/intelfpga_lite/18.1/nios2eds/bin/gnu/h-x86_64-mingw32/bin/../lib/gcc/nios2-elf/5.3.0/../../../../../H-x86_64-mingw32/nios2-elf/lib/mno-hw-mul\libc.a(lib_a-__call_atexit.o)
 .debug_aranges
                0x0000000000000598       0x20 c:/intelfpga_lite/18.1/nios2eds/bin/gnu/h-x86_64-mingw32/bin/../lib/gcc/nios2-elf/5.3.0/mno-hw-mul\libgcc.a(lib2-mul.o)
 .debug_aranges
                0x00000000000005b8       0x20 ../lab3_bsp/\libhal_bsp.a(alt_exit.o)

.debug_pubnames
 *(.debug_pubnames)

.debug_info     0x0000000000000000     0x78c6
 *(.debug_info .gnu.linkonce.wi.*)
 .debug_info    0x0000000000000000       0x69 ../lab3_bsp//obj/HAL/src/crt0.o
 .debug_info    0x0000000000000069      0x254 obj/default/timers_and_interrupts.o
 .debug_info    0x00000000000002bd      0x350 ../lab3_bsp/\libhal_bsp.a(alt_iic.o)
 .debug_info    0x000000000000060d      0x1ef ../lab3_bsp/\libhal_bsp.a(alt_iic_isr_register.o)
 .debug_info    0x00000000000007fc       0x72 ../lab3_bsp/\libhal_bsp.a(alt_irq_entry.o)
 .debug_info    0x000000000000086e      0x187 ../lab3_bsp/\libhal_bsp.a(alt_irq_handler.o)
 .debug_info    0x00000000000009f5       0x88 ../lab3_bsp/\libhal_bsp.a(alt_irq_vars.o)
 .debug_info    0x0000000000000a7d      0x145 ../lab3_bsp/\libhal_bsp.a(alt_load.o)
 .debug_info    0x0000000000000bc2      0x131 ../lab3_bsp/\libhal_bsp.a(alt_main.o)
 .debug_info    0x0000000000000cf3      0x4d9 ../lab3_bsp/\libhal_bsp.a(alt_sys_init.o)
 .debug_info    0x00000000000011cc      0x52e ../lab3_bsp/\libhal_bsp.a(altera_avalon_jtag_uart_fd.o)
 .debug_info    0x00000000000016fa      0x3a0 ../lab3_bsp/\libhal_bsp.a(altera_avalon_jtag_uart_init.o)
 .debug_info    0x0000000000001a9a      0x280 ../lab3_bsp/\libhal_bsp.a(altera_avalon_jtag_uart_ioctl.o)
 .debug_info    0x0000000000001d1a      0x345 ../lab3_bsp/\libhal_bsp.a(altera_avalon_jtag_uart_read.o)
 .debug_info    0x000000000000205f      0x340 ../lab3_bsp/\libhal_bsp.a(altera_avalon_jtag_uart_write.o)
 .debug_info    0x000000000000239f      0x226 ../lab3_bsp/\libhal_bsp.a(altera_avalon_timer_sc.o)
 .debug_info    0x00000000000025c5      0x2cc ../lab3_bsp/\libhal_bsp.a(alt_alarm_start.o)
 .debug_info    0x0000000000002891      0x321 ../lab3_bsp/\libhal_bsp.a(alt_close.o)
 .debug_info    0x0000000000002bb2       0x92 ../lab3_bsp/\libhal_bsp.a(alt_dcache_flush_all.o)
 .debug_info    0x0000000000002c44      0x49c ../lab3_bsp/\libhal_bsp.a(alt_dev.o)
 .debug_info    0x00000000000030e0      0x1a9 ../lab3_bsp/\libhal_bsp.a(alt_dev_llist_insert.o)
 .debug_info    0x0000000000003289       0x83 ../lab3_bsp/\libhal_bsp.a(alt_do_ctors.o)
 .debug_info    0x000000000000330c       0x83 ../lab3_bsp/\libhal_bsp.a(alt_do_dtors.o)
 .debug_info    0x000000000000338f       0xa6 ../lab3_bsp/\libhal_bsp.a(alt_errno.o)
 .debug_info    0x0000000000003435       0x78 ../lab3_bsp/\libhal_bsp.a(alt_exception_entry.o)
 .debug_info    0x00000000000034ad       0x92 ../lab3_bsp/\libhal_bsp.a(alt_icache_flush_all.o)
 .debug_info    0x000000000000353f      0x1e7 ../lab3_bsp/\libhal_bsp.a(alt_instruction_exception_entry.o)
 .debug_info    0x0000000000003726      0x4a5 ../lab3_bsp/\libhal_bsp.a(alt_io_redirect.o)
 .debug_info    0x0000000000003bcb      0x3bb ../lab3_bsp/\libhal_bsp.a(alt_open.o)
 .debug_info    0x0000000000003f86      0x2b0 ../lab3_bsp/\libhal_bsp.a(alt_release_fd.o)
 .debug_info    0x0000000000004236      0x299 ../lab3_bsp/\libhal_bsp.a(alt_tick.o)
 .debug_info    0x00000000000044cf       0x92 ../lab3_bsp/\libhal_bsp.a(altera_nios2_gen2_irq.o)
 .debug_info    0x0000000000004561      0x2e9 ../lab3_bsp/\libhal_bsp.a(alt_find_dev.o)
 .debug_info    0x000000000000484a      0x2e6 ../lab3_bsp/\libhal_bsp.a(alt_find_file.o)
 .debug_info    0x0000000000004b30      0x310 ../lab3_bsp/\libhal_bsp.a(alt_get_fd.o)
 .debug_info    0x0000000000004e40       0xfe c:/intelfpga_lite/18.1/nios2eds/bin/gnu/h-x86_64-mingw32/bin/../lib/gcc/nios2-elf/5.3.0/../../../../../H-x86_64-mingw32/nios2-elf/lib/mno-hw-mul\libc.a(lib_a-atexit.o)
 .debug_info    0x0000000000004f3e      0x8e4 c:/intelfpga_lite/18.1/nios2eds/bin/gnu/h-x86_64-mingw32/bin/../lib/gcc/nios2-elf/5.3.0/../../../../../H-x86_64-mingw32/nios2-elf/lib/mno-hw-mul\libc.a(lib_a-exit.o)
 .debug_info    0x0000000000005822      0x8a1 c:/intelfpga_lite/18.1/nios2eds/bin/gnu/h-x86_64-mingw32/bin/../lib/gcc/nios2-elf/5.3.0/../../../../../H-x86_64-mingw32/nios2-elf/lib/mno-hw-mul\libc.a(lib_a-impure.o)
 .debug_info    0x00000000000060c3       0x8a c:/intelfpga_lite/18.1/nios2eds/bin/gnu/h-x86_64-mingw32/bin/../lib/gcc/nios2-elf/5.3.0/../../../../../H-x86_64-mingw32/nios2-elf/lib/mno-hw-mul\libc.a(lib_a-int_errno.o)
 .debug_info    0x000000000000614d      0x11a c:/intelfpga_lite/18.1/nios2eds/bin/gnu/h-x86_64-mingw32/bin/../lib/gcc/nios2-elf/5.3.0/../../../../../H-x86_64-mingw32/nios2-elf/lib/mno-hw-mul\libc.a(lib_a-memcmp.o)
 .debug_info    0x0000000000006267      0x144 c:/intelfpga_lite/18.1/nios2eds/bin/gnu/h-x86_64-mingw32/bin/../lib/gcc/nios2-elf/5.3.0/../../../../../H-x86_64-mingw32/nios2-elf/lib/mno-hw-mul\libc.a(lib_a-memcpy.o)
 .debug_info    0x00000000000063ab       0xe2 c:/intelfpga_lite/18.1/nios2eds/bin/gnu/h-x86_64-mingw32/bin/../lib/gcc/nios2-elf/5.3.0/../../../../../H-x86_64-mingw32/nios2-elf/lib/mno-hw-mul\libc.a(lib_a-strlen.o)
 .debug_info    0x000000000000648d      0x934 c:/intelfpga_lite/18.1/nios2eds/bin/gnu/h-x86_64-mingw32/bin/../lib/gcc/nios2-elf/5.3.0/../../../../../H-x86_64-mingw32/nios2-elf/lib/mno-hw-mul\libc.a(lib_a-__atexit.o)
 .debug_info    0x0000000000006dc1      0x965 c:/intelfpga_lite/18.1/nios2eds/bin/gnu/h-x86_64-mingw32/bin/../lib/gcc/nios2-elf/5.3.0/../../../../../H-x86_64-mingw32/nios2-elf/lib/mno-hw-mul\libc.a(lib_a-__call_atexit.o)
 .debug_info    0x0000000000007726       0xb4 c:/intelfpga_lite/18.1/nios2eds/bin/gnu/h-x86_64-mingw32/bin/../lib/gcc/nios2-elf/5.3.0/mno-hw-mul\libgcc.a(lib2-mul.o)
 .debug_info    0x00000000000077da       0xec ../lab3_bsp/\libhal_bsp.a(alt_exit.o)

.debug_abbrev   0x0000000000000000     0x2b09
 *(.debug_abbrev)
 .debug_abbrev  0x0000000000000000       0x12 ../lab3_bsp//obj/HAL/src/crt0.o
 .debug_abbrev  0x0000000000000012      0x100 obj/default/timers_and_interrupts.o
 .debug_abbrev  0x0000000000000112      0x163 ../lab3_bsp/\libhal_bsp.a(alt_iic.o)
 .debug_abbrev  0x0000000000000275      0x169 ../lab3_bsp/\libhal_bsp.a(alt_iic_isr_register.o)
 .debug_abbrev  0x00000000000003de       0x12 ../lab3_bsp/\libhal_bsp.a(alt_irq_entry.o)
 .debug_abbrev  0x00000000000003f0      0x122 ../lab3_bsp/\libhal_bsp.a(alt_irq_handler.o)
 .debug_abbrev  0x0000000000000512       0x40 ../lab3_bsp/\libhal_bsp.a(alt_irq_vars.o)
 .debug_abbrev  0x0000000000000552       0x9f ../lab3_bsp/\libhal_bsp.a(alt_load.o)
 .debug_abbrev  0x00000000000005f1       0xba ../lab3_bsp/\libhal_bsp.a(alt_main.o)
 .debug_abbrev  0x00000000000006ab      0x187 ../lab3_bsp/\libhal_bsp.a(alt_sys_init.o)
 .debug_abbrev  0x0000000000000832      0x127 ../lab3_bsp/\libhal_bsp.a(altera_avalon_jtag_uart_fd.o)
 .debug_abbrev  0x0000000000000959      0x19e ../lab3_bsp/\libhal_bsp.a(altera_avalon_jtag_uart_init.o)
 .debug_abbrev  0x0000000000000af7      0x111 ../lab3_bsp/\libhal_bsp.a(altera_avalon_jtag_uart_ioctl.o)
 .debug_abbrev  0x0000000000000c08      0x1aa ../lab3_bsp/\libhal_bsp.a(altera_avalon_jtag_uart_read.o)
 .debug_abbrev  0x0000000000000db2      0x1a8 ../lab3_bsp/\libhal_bsp.a(altera_avalon_jtag_uart_write.o)
 .debug_abbrev  0x0000000000000f5a      0x155 ../lab3_bsp/\libhal_bsp.a(altera_avalon_timer_sc.o)
 .debug_abbrev  0x00000000000010af      0x162 ../lab3_bsp/\libhal_bsp.a(alt_alarm_start.o)
 .debug_abbrev  0x0000000000001211      0x11f ../lab3_bsp/\libhal_bsp.a(alt_close.o)
 .debug_abbrev  0x0000000000001330       0x42 ../lab3_bsp/\libhal_bsp.a(alt_dcache_flush_all.o)
 .debug_abbrev  0x0000000000001372       0xd9 ../lab3_bsp/\libhal_bsp.a(alt_dev.o)
 .debug_abbrev  0x000000000000144b      0x114 ../lab3_bsp/\libhal_bsp.a(alt_dev_llist_insert.o)
 .debug_abbrev  0x000000000000155f       0x79 ../lab3_bsp/\libhal_bsp.a(alt_do_ctors.o)
 .debug_abbrev  0x00000000000015d8       0x79 ../lab3_bsp/\libhal_bsp.a(alt_do_dtors.o)
 .debug_abbrev  0x0000000000001651       0x5a ../lab3_bsp/\libhal_bsp.a(alt_errno.o)
 .debug_abbrev  0x00000000000016ab       0x12 ../lab3_bsp/\libhal_bsp.a(alt_exception_entry.o)
 .debug_abbrev  0x00000000000016bd       0x42 ../lab3_bsp/\libhal_bsp.a(alt_icache_flush_all.o)
 .debug_abbrev  0x00000000000016ff       0xdc ../lab3_bsp/\libhal_bsp.a(alt_instruction_exception_entry.o)
 .debug_abbrev  0x00000000000017db      0x114 ../lab3_bsp/\libhal_bsp.a(alt_io_redirect.o)
 .debug_abbrev  0x00000000000018ef      0x148 ../lab3_bsp/\libhal_bsp.a(alt_open.o)
 .debug_abbrev  0x0000000000001a37       0xde ../lab3_bsp/\libhal_bsp.a(alt_release_fd.o)
 .debug_abbrev  0x0000000000001b15      0x15a ../lab3_bsp/\libhal_bsp.a(alt_tick.o)
 .debug_abbrev  0x0000000000001c6f       0x42 ../lab3_bsp/\libhal_bsp.a(altera_nios2_gen2_irq.o)
 .debug_abbrev  0x0000000000001cb1       0xf0 ../lab3_bsp/\libhal_bsp.a(alt_find_dev.o)
 .debug_abbrev  0x0000000000001da1       0xf0 ../lab3_bsp/\libhal_bsp.a(alt_find_file.o)
 .debug_abbrev  0x0000000000001e91      0x10d ../lab3_bsp/\libhal_bsp.a(alt_get_fd.o)
 .debug_abbrev  0x0000000000001f9e       0xaa c:/intelfpga_lite/18.1/nios2eds/bin/gnu/h-x86_64-mingw32/bin/../lib/gcc/nios2-elf/5.3.0/../../../../../H-x86_64-mingw32/nios2-elf/lib/mno-hw-mul\libc.a(lib_a-atexit.o)
 .debug_abbrev  0x0000000000002048      0x1e5 c:/intelfpga_lite/18.1/nios2eds/bin/gnu/h-x86_64-mingw32/bin/../lib/gcc/nios2-elf/5.3.0/../../../../../H-x86_64-mingw32/nios2-elf/lib/mno-hw-mul\libc.a(lib_a-exit.o)
 .debug_abbrev  0x000000000000222d      0x18f c:/intelfpga_lite/18.1/nios2eds/bin/gnu/h-x86_64-mingw32/bin/../lib/gcc/nios2-elf/5.3.0/../../../../../H-x86_64-mingw32/nios2-elf/lib/mno-hw-mul\libc.a(lib_a-impure.o)
 .debug_abbrev  0x00000000000023bc       0x37 c:/intelfpga_lite/18.1/nios2eds/bin/gnu/h-x86_64-mingw32/bin/../lib/gcc/nios2-elf/5.3.0/../../../../../H-x86_64-mingw32/nios2-elf/lib/mno-hw-mul\libc.a(lib_a-int_errno.o)
 .debug_abbrev  0x00000000000023f3       0x7f c:/intelfpga_lite/18.1/nios2eds/bin/gnu/h-x86_64-mingw32/bin/../lib/gcc/nios2-elf/5.3.0/../../../../../H-x86_64-mingw32/nios2-elf/lib/mno-hw-mul\libc.a(lib_a-memcmp.o)
 .debug_abbrev  0x0000000000002472       0xa3 c:/intelfpga_lite/18.1/nios2eds/bin/gnu/h-x86_64-mingw32/bin/../lib/gcc/nios2-elf/5.3.0/../../../../../H-x86_64-mingw32/nios2-elf/lib/mno-hw-mul\libc.a(lib_a-memcpy.o)
 .debug_abbrev  0x0000000000002515       0x90 c:/intelfpga_lite/18.1/nios2eds/bin/gnu/h-x86_64-mingw32/bin/../lib/gcc/nios2-elf/5.3.0/../../../../../H-x86_64-mingw32/nios2-elf/lib/mno-hw-mul\libc.a(lib_a-strlen.o)
 .debug_abbrev  0x00000000000025a5      0x21e c:/intelfpga_lite/18.1/nios2eds/bin/gnu/h-x86_64-mingw32/bin/../lib/gcc/nios2-elf/5.3.0/../../../../../H-x86_64-mingw32/nios2-elf/lib/mno-hw-mul\libc.a(lib_a-__atexit.o)
 .debug_abbrev  0x00000000000027c3      0x22e c:/intelfpga_lite/18.1/nios2eds/bin/gnu/h-x86_64-mingw32/bin/../lib/gcc/nios2-elf/5.3.0/../../../../../H-x86_64-mingw32/nios2-elf/lib/mno-hw-mul\libc.a(lib_a-__call_atexit.o)
 .debug_abbrev  0x00000000000029f1       0x6f c:/intelfpga_lite/18.1/nios2eds/bin/gnu/h-x86_64-mingw32/bin/../lib/gcc/nios2-elf/5.3.0/mno-hw-mul\libgcc.a(lib2-mul.o)
 .debug_abbrev  0x0000000000002a60       0xa9 ../lab3_bsp/\libhal_bsp.a(alt_exit.o)

.debug_line     0x0000000000000000     0x2b71
 *(.debug_line)
 .debug_line    0x0000000000000000       0x66 ../lab3_bsp//obj/HAL/src/crt0.o
 .debug_line    0x0000000000000066      0x145 obj/default/timers_and_interrupts.o
 .debug_line    0x00000000000001ab       0xeb ../lab3_bsp/\libhal_bsp.a(alt_iic.o)
 .debug_line    0x0000000000000296       0xdb ../lab3_bsp/\libhal_bsp.a(alt_iic_isr_register.o)
 .debug_line    0x0000000000000371       0x6b ../lab3_bsp/\libhal_bsp.a(alt_irq_entry.o)
 .debug_line    0x00000000000003dc       0xaa ../lab3_bsp/\libhal_bsp.a(alt_irq_handler.o)
 .debug_line    0x0000000000000486       0x50 ../lab3_bsp/\libhal_bsp.a(alt_irq_vars.o)
 .debug_line    0x00000000000004d6       0x8e ../lab3_bsp/\libhal_bsp.a(alt_load.o)
 .debug_line    0x0000000000000564       0xa4 ../lab3_bsp/\libhal_bsp.a(alt_main.o)
 .debug_line    0x0000000000000608      0x152 ../lab3_bsp/\libhal_bsp.a(alt_sys_init.o)
 .debug_line    0x000000000000075a      0x12f ../lab3_bsp/\libhal_bsp.a(altera_avalon_jtag_uart_fd.o)
 .debug_line    0x0000000000000889      0x18b ../lab3_bsp/\libhal_bsp.a(altera_avalon_jtag_uart_init.o)
 .debug_line    0x0000000000000a14      0x131 ../lab3_bsp/\libhal_bsp.a(altera_avalon_jtag_uart_ioctl.o)
 .debug_line    0x0000000000000b45      0x171 ../lab3_bsp/\libhal_bsp.a(altera_avalon_jtag_uart_read.o)
 .debug_line    0x0000000000000cb6      0x170 ../lab3_bsp/\libhal_bsp.a(altera_avalon_jtag_uart_write.o)
 .debug_line    0x0000000000000e26       0xfd ../lab3_bsp/\libhal_bsp.a(altera_avalon_timer_sc.o)
 .debug_line    0x0000000000000f23       0xf9 ../lab3_bsp/\libhal_bsp.a(alt_alarm_start.o)
 .debug_line    0x000000000000101c      0x165 ../lab3_bsp/\libhal_bsp.a(alt_close.o)
 .debug_line    0x0000000000001181       0x51 ../lab3_bsp/\libhal_bsp.a(alt_dcache_flush_all.o)
 .debug_line    0x00000000000011d2       0xf8 ../lab3_bsp/\libhal_bsp.a(alt_dev.o)
 .debug_line    0x00000000000012ca       0xcf ../lab3_bsp/\libhal_bsp.a(alt_dev_llist_insert.o)
 .debug_line    0x0000000000001399       0x59 ../lab3_bsp/\libhal_bsp.a(alt_do_ctors.o)
 .debug_line    0x00000000000013f2       0x59 ../lab3_bsp/\libhal_bsp.a(alt_do_dtors.o)
 .debug_line    0x000000000000144b       0x51 ../lab3_bsp/\libhal_bsp.a(alt_errno.o)
 .debug_line    0x000000000000149c       0xb3 ../lab3_bsp/\libhal_bsp.a(alt_exception_entry.o)
 .debug_line    0x000000000000154f       0x4f ../lab3_bsp/\libhal_bsp.a(alt_icache_flush_all.o)
 .debug_line    0x000000000000159e       0xb9 ../lab3_bsp/\libhal_bsp.a(alt_instruction_exception_entry.o)
 .debug_line    0x0000000000001657      0x135 ../lab3_bsp/\libhal_bsp.a(alt_io_redirect.o)
 .debug_line    0x000000000000178c      0x12b ../lab3_bsp/\libhal_bsp.a(alt_open.o)
 .debug_line    0x00000000000018b7       0xb0 ../lab3_bsp/\libhal_bsp.a(alt_release_fd.o)
 .debug_line    0x0000000000001967       0xff ../lab3_bsp/\libhal_bsp.a(alt_tick.o)
 .debug_line    0x0000000000001a66       0x51 ../lab3_bsp/\libhal_bsp.a(altera_nios2_gen2_irq.o)
 .debug_line    0x0000000000001ab7       0xb5 ../lab3_bsp/\libhal_bsp.a(alt_find_dev.o)
 .debug_line    0x0000000000001b6c       0xd1 ../lab3_bsp/\libhal_bsp.a(alt_find_file.o)
 .debug_line    0x0000000000001c3d       0xd7 ../lab3_bsp/\libhal_bsp.a(alt_get_fd.o)
 .debug_line    0x0000000000001d14       0xe7 c:/intelfpga_lite/18.1/nios2eds/bin/gnu/h-x86_64-mingw32/bin/../lib/gcc/nios2-elf/5.3.0/../../../../../H-x86_64-mingw32/nios2-elf/lib/mno-hw-mul\libc.a(lib_a-atexit.o)
 .debug_line    0x0000000000001dfb      0x1fc c:/intelfpga_lite/18.1/nios2eds/bin/gnu/h-x86_64-mingw32/bin/../lib/gcc/nios2-elf/5.3.0/../../../../../H-x86_64-mingw32/nios2-elf/lib/mno-hw-mul\libc.a(lib_a-exit.o)
 .debug_line    0x0000000000001ff7      0x160 c:/intelfpga_lite/18.1/nios2eds/bin/gnu/h-x86_64-mingw32/bin/../lib/gcc/nios2-elf/5.3.0/../../../../../H-x86_64-mingw32/nios2-elf/lib/mno-hw-mul\libc.a(lib_a-impure.o)
 .debug_line    0x0000000000002157       0x5f c:/intelfpga_lite/18.1/nios2eds/bin/gnu/h-x86_64-mingw32/bin/../lib/gcc/nios2-elf/5.3.0/../../../../../H-x86_64-mingw32/nios2-elf/lib/mno-hw-mul\libc.a(lib_a-int_errno.o)
 .debug_line    0x00000000000021b6      0x176 c:/intelfpga_lite/18.1/nios2eds/bin/gnu/h-x86_64-mingw32/bin/../lib/gcc/nios2-elf/5.3.0/../../../../../H-x86_64-mingw32/nios2-elf/lib/mno-hw-mul\libc.a(lib_a-memcmp.o)
 .debug_line    0x000000000000232c      0x18c c:/intelfpga_lite/18.1/nios2eds/bin/gnu/h-x86_64-mingw32/bin/../lib/gcc/nios2-elf/5.3.0/../../../../../H-x86_64-mingw32/nios2-elf/lib/mno-hw-mul\libc.a(lib_a-memcpy.o)
 .debug_line    0x00000000000024b8      0x16f c:/intelfpga_lite/18.1/nios2eds/bin/gnu/h-x86_64-mingw32/bin/../lib/gcc/nios2-elf/5.3.0/../../../../../H-x86_64-mingw32/nios2-elf/lib/mno-hw-mul\libc.a(lib_a-strlen.o)
 .debug_line    0x0000000000002627      0x21f c:/intelfpga_lite/18.1/nios2eds/bin/gnu/h-x86_64-mingw32/bin/../lib/gcc/nios2-elf/5.3.0/../../../../../H-x86_64-mingw32/nios2-elf/lib/mno-hw-mul\libc.a(lib_a-__atexit.o)
 .debug_line    0x0000000000002846      0x23a c:/intelfpga_lite/18.1/nios2eds/bin/gnu/h-x86_64-mingw32/bin/../lib/gcc/nios2-elf/5.3.0/../../../../../H-x86_64-mingw32/nios2-elf/lib/mno-hw-mul\libc.a(lib_a-__call_atexit.o)
 .debug_line    0x0000000000002a80       0x80 c:/intelfpga_lite/18.1/nios2eds/bin/gnu/h-x86_64-mingw32/bin/../lib/gcc/nios2-elf/5.3.0/mno-hw-mul\libgcc.a(lib2-mul.o)
 .debug_line    0x0000000000002b00       0x71 ../lab3_bsp/\libhal_bsp.a(alt_exit.o)

.debug_frame    0x0000000000000000      0xbf0
 *(.debug_frame)
 .debug_frame   0x0000000000000000      0x118 obj/default/timers_and_interrupts.o
 .debug_frame   0x0000000000000118       0xa4 ../lab3_bsp/\libhal_bsp.a(alt_iic.o)
 .debug_frame   0x00000000000001bc       0x38 ../lab3_bsp/\libhal_bsp.a(alt_iic_isr_register.o)
 .debug_frame   0x00000000000001f4       0x38 ../lab3_bsp/\libhal_bsp.a(alt_irq_handler.o)
 .debug_frame   0x000000000000022c       0x5c ../lab3_bsp/\libhal_bsp.a(alt_load.o)
 .debug_frame   0x0000000000000288       0x2c ../lab3_bsp/\libhal_bsp.a(alt_main.o)
 .debug_frame   0x00000000000002b4       0x88 ../lab3_bsp/\libhal_bsp.a(alt_sys_init.o)
 .debug_frame   0x000000000000033c       0xb0 ../lab3_bsp/\libhal_bsp.a(altera_avalon_jtag_uart_fd.o)
 .debug_frame   0x00000000000003ec       0xa4 ../lab3_bsp/\libhal_bsp.a(altera_avalon_jtag_uart_init.o)
 .debug_frame   0x0000000000000490       0x34 ../lab3_bsp/\libhal_bsp.a(altera_avalon_jtag_uart_ioctl.o)
 .debug_frame   0x00000000000004c4       0x38 ../lab3_bsp/\libhal_bsp.a(altera_avalon_jtag_uart_read.o)
 .debug_frame   0x00000000000004fc       0x38 ../lab3_bsp/\libhal_bsp.a(altera_avalon_jtag_uart_write.o)
 .debug_frame   0x0000000000000534       0x60 ../lab3_bsp/\libhal_bsp.a(altera_avalon_timer_sc.o)
 .debug_frame   0x0000000000000594       0x34 ../lab3_bsp/\libhal_bsp.a(alt_alarm_start.o)
 .debug_frame   0x00000000000005c8       0x60 ../lab3_bsp/\libhal_bsp.a(alt_close.o)
 .debug_frame   0x0000000000000628       0x34 ../lab3_bsp/\libhal_bsp.a(alt_dcache_flush_all.o)
 .debug_frame   0x000000000000065c       0x34 ../lab3_bsp/\libhal_bsp.a(alt_dev.o)
 .debug_frame   0x0000000000000690       0x60 ../lab3_bsp/\libhal_bsp.a(alt_dev_llist_insert.o)
 .debug_frame   0x00000000000006f0       0x38 ../lab3_bsp/\libhal_bsp.a(alt_do_ctors.o)
 .debug_frame   0x0000000000000728       0x38 ../lab3_bsp/\libhal_bsp.a(alt_do_dtors.o)
 .debug_frame   0x0000000000000760       0x34 ../lab3_bsp/\libhal_bsp.a(alt_icache_flush_all.o)
 .debug_frame   0x0000000000000794       0x5c ../lab3_bsp/\libhal_bsp.a(alt_instruction_exception_entry.o)
 .debug_frame   0x00000000000007f0       0x64 ../lab3_bsp/\libhal_bsp.a(alt_io_redirect.o)
 .debug_frame   0x0000000000000854       0x8c ../lab3_bsp/\libhal_bsp.a(alt_open.o)
 .debug_frame   0x00000000000008e0       0x3c ../lab3_bsp/\libhal_bsp.a(alt_release_fd.o)
 .debug_frame   0x000000000000091c       0x5c ../lab3_bsp/\libhal_bsp.a(alt_tick.o)
 .debug_frame   0x0000000000000978       0x34 ../lab3_bsp/\libhal_bsp.a(altera_nios2_gen2_irq.o)
 .debug_frame   0x00000000000009ac       0x38 ../lab3_bsp/\libhal_bsp.a(alt_find_dev.o)
 .debug_frame   0x00000000000009e4       0x38 ../lab3_bsp/\libhal_bsp.a(alt_find_file.o)
 .debug_frame   0x0000000000000a1c       0x3c ../lab3_bsp/\libhal_bsp.a(alt_get_fd.o)
 .debug_frame   0x0000000000000a58       0x20 c:/intelfpga_lite/18.1/nios2eds/bin/gnu/h-x86_64-mingw32/bin/../lib/gcc/nios2-elf/5.3.0/../../../../../H-x86_64-mingw32/nios2-elf/lib/mno-hw-mul\libc.a(lib_a-atexit.o)
 .debug_frame   0x0000000000000a78       0x28 c:/intelfpga_lite/18.1/nios2eds/bin/gnu/h-x86_64-mingw32/bin/../lib/gcc/nios2-elf/5.3.0/../../../../../H-x86_64-mingw32/nios2-elf/lib/mno-hw-mul\libc.a(lib_a-exit.o)
 .debug_frame   0x0000000000000aa0       0x20 c:/intelfpga_lite/18.1/nios2eds/bin/gnu/h-x86_64-mingw32/bin/../lib/gcc/nios2-elf/5.3.0/../../../../../H-x86_64-mingw32/nios2-elf/lib/mno-hw-mul\libc.a(lib_a-memcmp.o)
 .debug_frame   0x0000000000000ac0       0x38 c:/intelfpga_lite/18.1/nios2eds/bin/gnu/h-x86_64-mingw32/bin/../lib/gcc/nios2-elf/5.3.0/../../../../../H-x86_64-mingw32/nios2-elf/lib/mno-hw-mul\libc.a(lib_a-memcpy.o)
 .debug_frame   0x0000000000000af8       0x20 c:/intelfpga_lite/18.1/nios2eds/bin/gnu/h-x86_64-mingw32/bin/../lib/gcc/nios2-elf/5.3.0/../../../../../H-x86_64-mingw32/nios2-elf/lib/mno-hw-mul\libc.a(lib_a-strlen.o)
 .debug_frame   0x0000000000000b18       0x38 c:/intelfpga_lite/18.1/nios2eds/bin/gnu/h-x86_64-mingw32/bin/../lib/gcc/nios2-elf/5.3.0/../../../../../H-x86_64-mingw32/nios2-elf/lib/mno-hw-mul\libc.a(lib_a-__atexit.o)
 .debug_frame   0x0000000000000b50       0x54 c:/intelfpga_lite/18.1/nios2eds/bin/gnu/h-x86_64-mingw32/bin/../lib/gcc/nios2-elf/5.3.0/../../../../../H-x86_64-mingw32/nios2-elf/lib/mno-hw-mul\libc.a(lib_a-__call_atexit.o)
 .debug_frame   0x0000000000000ba4       0x20 c:/intelfpga_lite/18.1/nios2eds/bin/gnu/h-x86_64-mingw32/bin/../lib/gcc/nios2-elf/5.3.0/mno-hw-mul\libgcc.a(lib2-mul.o)
 .debug_frame   0x0000000000000bc4       0x2c ../lab3_bsp/\libhal_bsp.a(alt_exit.o)

.debug_str      0x0000000000000000     0x1c7a
 *(.debug_str)
 .debug_str     0x0000000000000000      0x18a obj/default/timers_and_interrupts.o
                                        0x1f8 (size before relaxing)
 .debug_str     0x000000000000018a      0x131 ../lab3_bsp/\libhal_bsp.a(alt_iic.o)
                                        0x239 (size before relaxing)
 .debug_str     0x00000000000002bb       0x4c ../lab3_bsp/\libhal_bsp.a(alt_iic_isr_register.o)
                                        0x1e3 (size before relaxing)
 .debug_str     0x0000000000000307       0x3a ../lab3_bsp/\libhal_bsp.a(alt_irq_handler.o)
                                        0x192 (size before relaxing)
 .debug_str     0x0000000000000341       0x17 ../lab3_bsp/\libhal_bsp.a(alt_irq_vars.o)
                                        0x135 (size before relaxing)
 .debug_str     0x0000000000000358       0xe9 ../lab3_bsp/\libhal_bsp.a(alt_load.o)
                                        0x20d (size before relaxing)
 .debug_str     0x0000000000000441       0x70 ../lab3_bsp/\libhal_bsp.a(alt_main.o)
                                        0x198 (size before relaxing)
 .debug_str     0x00000000000004b1      0x1da ../lab3_bsp/\libhal_bsp.a(alt_sys_init.o)
                                        0x38b (size before relaxing)
 .debug_str     0x000000000000068b       0xb9 ../lab3_bsp/\libhal_bsp.a(altera_avalon_jtag_uart_fd.o)
                                        0x39f (size before relaxing)
 .debug_str     0x0000000000000744       0xc9 ../lab3_bsp/\libhal_bsp.a(altera_avalon_jtag_uart_init.o)
                                        0x333 (size before relaxing)
 .debug_str     0x000000000000080d       0x4a ../lab3_bsp/\libhal_bsp.a(altera_avalon_jtag_uart_ioctl.o)
                                        0x28e (size before relaxing)
 .debug_str     0x0000000000000857       0x48 ../lab3_bsp/\libhal_bsp.a(altera_avalon_jtag_uart_read.o)
                                        0x2e3 (size before relaxing)
 .debug_str     0x000000000000089f       0x4a ../lab3_bsp/\libhal_bsp.a(altera_avalon_jtag_uart_write.o)
                                        0x2e4 (size before relaxing)
 .debug_str     0x00000000000008e9       0x6d ../lab3_bsp/\libhal_bsp.a(altera_avalon_timer_sc.o)
                                        0x246 (size before relaxing)
 .debug_str     0x0000000000000956       0x59 ../lab3_bsp/\libhal_bsp.a(alt_alarm_start.o)
                                        0x279 (size before relaxing)
 .debug_str     0x00000000000009af       0x44 ../lab3_bsp/\libhal_bsp.a(alt_close.o)
                                        0x206 (size before relaxing)
 .debug_str     0x00000000000009f3       0x34 ../lab3_bsp/\libhal_bsp.a(alt_dcache_flush_all.o)
                                        0x150 (size before relaxing)
 .debug_str     0x0000000000000a27      0x120 ../lab3_bsp/\libhal_bsp.a(alt_dev.o)
                                        0x300 (size before relaxing)
 .debug_str     0x0000000000000b47       0x34 ../lab3_bsp/\libhal_bsp.a(alt_dev_llist_insert.o)
                                        0x1c7 (size before relaxing)
 .debug_str     0x0000000000000b7b       0x48 ../lab3_bsp/\libhal_bsp.a(alt_do_ctors.o)
                                         0xcb (size before relaxing)
 .debug_str     0x0000000000000bc3       0x4c ../lab3_bsp/\libhal_bsp.a(alt_do_dtors.o)
                                         0xca (size before relaxing)
 .debug_str     0x0000000000000c0f       0x14 ../lab3_bsp/\libhal_bsp.a(alt_errno.o)
                                        0x140 (size before relaxing)
 .debug_str     0x0000000000000c23       0x34 ../lab3_bsp/\libhal_bsp.a(alt_icache_flush_all.o)
                                        0x150 (size before relaxing)
 .debug_str     0x0000000000000c57      0x48b ../lab3_bsp/\libhal_bsp.a(alt_instruction_exception_entry.o)
                                        0x59b (size before relaxing)
 .debug_str     0x00000000000010e2       0x56 ../lab3_bsp/\libhal_bsp.a(alt_io_redirect.o)
                                        0x311 (size before relaxing)
 .debug_str     0x0000000000001138       0x2f ../lab3_bsp/\libhal_bsp.a(alt_open.o)
                                        0x246 (size before relaxing)
 .debug_str     0x0000000000001167       0x28 ../lab3_bsp/\libhal_bsp.a(alt_release_fd.o)
                                        0x1ce (size before relaxing)
 .debug_str     0x000000000000118f       0x4a ../lab3_bsp/\libhal_bsp.a(alt_tick.o)
                                        0x24d (size before relaxing)
 .debug_str     0x00000000000011d9       0x3b ../lab3_bsp/\libhal_bsp.a(altera_nios2_gen2_irq.o)
                                        0x157 (size before relaxing)
 .debug_str     0x0000000000001214       0x24 ../lab3_bsp/\libhal_bsp.a(alt_find_dev.o)
                                        0x1e7 (size before relaxing)
 .debug_str     0x0000000000001238       0x26 ../lab3_bsp/\libhal_bsp.a(alt_find_file.o)
                                        0x1f5 (size before relaxing)
 .debug_str     0x000000000000125e       0x30 ../lab3_bsp/\libhal_bsp.a(alt_get_fd.o)
                                        0x217 (size before relaxing)
 .debug_str     0x000000000000128e      0x17c c:/intelfpga_lite/18.1/nios2eds/bin/gnu/h-x86_64-mingw32/bin/../lib/gcc/nios2-elf/5.3.0/../../../../../H-x86_64-mingw32/nios2-elf/lib/mno-hw-mul\libc.a(lib_a-atexit.o)
                                        0x221 (size before relaxing)
 .debug_str     0x000000000000140a      0x3af c:/intelfpga_lite/18.1/nios2eds/bin/gnu/h-x86_64-mingw32/bin/../lib/gcc/nios2-elf/5.3.0/../../../../../H-x86_64-mingw32/nios2-elf/lib/mno-hw-mul\libc.a(lib_a-exit.o)
                                        0x5be (size before relaxing)
 .debug_str     0x00000000000017b9       0xd6 c:/intelfpga_lite/18.1/nios2eds/bin/gnu/h-x86_64-mingw32/bin/../lib/gcc/nios2-elf/5.3.0/../../../../../H-x86_64-mingw32/nios2-elf/lib/mno-hw-mul\libc.a(lib_a-impure.o)
                                        0x5b5 (size before relaxing)
 .debug_str     0x000000000000188f       0x3f c:/intelfpga_lite/18.1/nios2eds/bin/gnu/h-x86_64-mingw32/bin/../lib/gcc/nios2-elf/5.3.0/../../../../../H-x86_64-mingw32/nios2-elf/lib/mno-hw-mul\libc.a(lib_a-int_errno.o)
                                        0x1dd (size before relaxing)
 .debug_str     0x00000000000018ce       0xda c:/intelfpga_lite/18.1/nios2eds/bin/gnu/h-x86_64-mingw32/bin/../lib/gcc/nios2-elf/5.3.0/../../../../../H-x86_64-mingw32/nios2-elf/lib/mno-hw-mul\libc.a(lib_a-memcmp.o)
                                        0x1e4 (size before relaxing)
 .debug_str     0x00000000000019a8       0x6b c:/intelfpga_lite/18.1/nios2eds/bin/gnu/h-x86_64-mingw32/bin/../lib/gcc/nios2-elf/5.3.0/../../../../../H-x86_64-mingw32/nios2-elf/lib/mno-hw-mul\libc.a(lib_a-memcpy.o)
                                        0x20b (size before relaxing)
 .debug_str     0x0000000000001a13       0x51 c:/intelfpga_lite/18.1/nios2eds/bin/gnu/h-x86_64-mingw32/bin/../lib/gcc/nios2-elf/5.3.0/../../../../../H-x86_64-mingw32/nios2-elf/lib/mno-hw-mul\libc.a(lib_a-strlen.o)
                                        0x1f7 (size before relaxing)
 .debug_str     0x0000000000001a64       0x3f c:/intelfpga_lite/18.1/nios2eds/bin/gnu/h-x86_64-mingw32/bin/../lib/gcc/nios2-elf/5.3.0/../../../../../H-x86_64-mingw32/nios2-elf/lib/mno-hw-mul\libc.a(lib_a-__atexit.o)
                                        0x5f6 (size before relaxing)
 .debug_str     0x0000000000001aa3       0x65 c:/intelfpga_lite/18.1/nios2eds/bin/gnu/h-x86_64-mingw32/bin/../lib/gcc/nios2-elf/5.3.0/../../../../../H-x86_64-mingw32/nios2-elf/lib/mno-hw-mul\libc.a(lib_a-__call_atexit.o)
                                        0x5e2 (size before relaxing)
 .debug_str     0x0000000000001b08      0x148 c:/intelfpga_lite/18.1/nios2eds/bin/gnu/h-x86_64-mingw32/bin/../lib/gcc/nios2-elf/5.3.0/mno-hw-mul\libgcc.a(lib2-mul.o)
                                        0x193 (size before relaxing)
 .debug_str     0x0000000000001c50       0x2a ../lab3_bsp/\libhal_bsp.a(alt_exit.o)
                                        0x14c (size before relaxing)

.debug_loc      0x0000000000000000      0x803
 *(.debug_loc)
 .debug_loc     0x0000000000000000       0x2c c:/intelfpga_lite/18.1/nios2eds/bin/gnu/h-x86_64-mingw32/bin/../lib/gcc/nios2-elf/5.3.0/../../../../../H-x86_64-mingw32/nios2-elf/lib/mno-hw-mul\libc.a(lib_a-atexit.o)
 .debug_loc     0x000000000000002c       0x1e c:/intelfpga_lite/18.1/nios2eds/bin/gnu/h-x86_64-mingw32/bin/../lib/gcc/nios2-elf/5.3.0/../../../../../H-x86_64-mingw32/nios2-elf/lib/mno-hw-mul\libc.a(lib_a-exit.o)
 .debug_loc     0x000000000000004a      0x126 c:/intelfpga_lite/18.1/nios2eds/bin/gnu/h-x86_64-mingw32/bin/../lib/gcc/nios2-elf/5.3.0/../../../../../H-x86_64-mingw32/nios2-elf/lib/mno-hw-mul\libc.a(lib_a-memcmp.o)
 .debug_loc     0x0000000000000170      0x266 c:/intelfpga_lite/18.1/nios2eds/bin/gnu/h-x86_64-mingw32/bin/../lib/gcc/nios2-elf/5.3.0/../../../../../H-x86_64-mingw32/nios2-elf/lib/mno-hw-mul\libc.a(lib_a-memcpy.o)
 .debug_loc     0x00000000000003d6       0x47 c:/intelfpga_lite/18.1/nios2eds/bin/gnu/h-x86_64-mingw32/bin/../lib/gcc/nios2-elf/5.3.0/../../../../../H-x86_64-mingw32/nios2-elf/lib/mno-hw-mul\libc.a(lib_a-strlen.o)
 .debug_loc     0x000000000000041d      0x185 c:/intelfpga_lite/18.1/nios2eds/bin/gnu/h-x86_64-mingw32/bin/../lib/gcc/nios2-elf/5.3.0/../../../../../H-x86_64-mingw32/nios2-elf/lib/mno-hw-mul\libc.a(lib_a-__atexit.o)
 .debug_loc     0x00000000000005a2      0x1ce c:/intelfpga_lite/18.1/nios2eds/bin/gnu/h-x86_64-mingw32/bin/../lib/gcc/nios2-elf/5.3.0/../../../../../H-x86_64-mingw32/nios2-elf/lib/mno-hw-mul\libc.a(lib_a-__call_atexit.o)
 .debug_loc     0x0000000000000770       0x93 c:/intelfpga_lite/18.1/nios2eds/bin/gnu/h-x86_64-mingw32/bin/../lib/gcc/nios2-elf/5.3.0/mno-hw-mul\libgcc.a(lib2-mul.o)

.debug_macinfo
 *(.debug_macinfo)

.debug_weaknames
 *(.debug_weaknames)

.debug_funcnames
 *(.debug_funcnames)

.debug_typenames
 *(.debug_typenames)

.debug_varnames
 *(.debug_varnames)

.debug_alt_sim_info
                0x0000000000000000       0x10
 *(.debug_alt_sim_info)
 .debug_alt_sim_info
                0x0000000000000000       0x10 ../lab3_bsp//obj/HAL/src/crt0.o
                0x0000000000018060                __alt_data_end = 0x18060
                0x0000000000018060                PROVIDE (__alt_stack_pointer, __alt_data_end)
                [!provide]                        PROVIDE (__alt_stack_limit, __alt_stack_base)
                [!provide]                        PROVIDE (__alt_heap_start, end)
                [!provide]                        PROVIDE (__alt_heap_limit, 0x18060)
OUTPUT(lab3.elf elf32-littlenios2)

.debug_ranges   0x0000000000000000      0x178
 .debug_ranges  0x0000000000000000       0x20 ../lab3_bsp//obj/HAL/src/crt0.o
 .debug_ranges  0x0000000000000020       0x28 ../lab3_bsp/\libhal_bsp.a(alt_irq_entry.o)
 .debug_ranges  0x0000000000000048       0x10 ../lab3_bsp/\libhal_bsp.a(alt_irq_handler.o)
 .debug_ranges  0x0000000000000058       0x30 ../lab3_bsp/\libhal_bsp.a(altera_avalon_jtag_uart_init.o)
 .debug_ranges  0x0000000000000088       0x18 ../lab3_bsp/\libhal_bsp.a(altera_avalon_jtag_uart_read.o)
 .debug_ranges  0x00000000000000a0       0x30 ../lab3_bsp/\libhal_bsp.a(alt_exception_entry.o)
 .debug_ranges  0x00000000000000d0       0x18 ../lab3_bsp/\libhal_bsp.a(alt_instruction_exception_entry.o)
 .debug_ranges  0x00000000000000e8       0x10 c:/intelfpga_lite/18.1/nios2eds/bin/gnu/h-x86_64-mingw32/bin/../lib/gcc/nios2-elf/5.3.0/../../../../../H-x86_64-mingw32/nios2-elf/lib/mno-hw-mul\libc.a(lib_a-atexit.o)
 .debug_ranges  0x00000000000000f8       0x10 c:/intelfpga_lite/18.1/nios2eds/bin/gnu/h-x86_64-mingw32/bin/../lib/gcc/nios2-elf/5.3.0/../../../../../H-x86_64-mingw32/nios2-elf/lib/mno-hw-mul\libc.a(lib_a-exit.o)
 .debug_ranges  0x0000000000000108       0x10 c:/intelfpga_lite/18.1/nios2eds/bin/gnu/h-x86_64-mingw32/bin/../lib/gcc/nios2-elf/5.3.0/../../../../../H-x86_64-mingw32/nios2-elf/lib/mno-hw-mul\libc.a(lib_a-memcmp.o)
 .debug_ranges  0x0000000000000118       0x10 c:/intelfpga_lite/18.1/nios2eds/bin/gnu/h-x86_64-mingw32/bin/../lib/gcc/nios2-elf/5.3.0/../../../../../H-x86_64-mingw32/nios2-elf/lib/mno-hw-mul\libc.a(lib_a-memcpy.o)
 .debug_ranges  0x0000000000000128       0x10 c:/intelfpga_lite/18.1/nios2eds/bin/gnu/h-x86_64-mingw32/bin/../lib/gcc/nios2-elf/5.3.0/../../../../../H-x86_64-mingw32/nios2-elf/lib/mno-hw-mul\libc.a(lib_a-strlen.o)
 .debug_ranges  0x0000000000000138       0x10 c:/intelfpga_lite/18.1/nios2eds/bin/gnu/h-x86_64-mingw32/bin/../lib/gcc/nios2-elf/5.3.0/../../../../../H-x86_64-mingw32/nios2-elf/lib/mno-hw-mul\libc.a(lib_a-__atexit.o)
 .debug_ranges  0x0000000000000148       0x30 c:/intelfpga_lite/18.1/nios2eds/bin/gnu/h-x86_64-mingw32/bin/../lib/gcc/nios2-elf/5.3.0/../../../../../H-x86_64-mingw32/nios2-elf/lib/mno-hw-mul\libc.a(lib_a-__call_atexit.o)
