------------------------------------------------------------
Timing Analyzer Summary
------------------------------------------------------------

Type  : Slow 1100mV 85C Model Setup 'clk'
Slack : 16.848
TNS   : 0.000

Type  : Slow 1100mV 85C Model Hold 'clk'
Slack : 0.241
TNS   : 0.000

Type  : Slow 1100mV 85C Model Minimum Pulse Width 'clk'
Slack : 9.380
TNS   : 0.000

Type  : Slow 1100mV 0C Model Setup 'clk'
Slack : 16.811
TNS   : 0.000

Type  : Slow 1100mV 0C Model Hold 'clk'
Slack : 0.228
TNS   : 0.000

Type  : Slow 1100mV 0C Model Minimum Pulse Width 'clk'
Slack : 9.302
TNS   : 0.000

Type  : Fast 1100mV 85C Model Setup 'clk'
Slack : 18.059
TNS   : 0.000

Type  : Fast 1100mV 85C Model Hold 'clk'
Slack : 0.135
TNS   : 0.000

Type  : Fast 1100mV 85C Model Minimum Pulse Width 'clk'
Slack : 9.423
TNS   : 0.000

Type  : Fast 1100mV 0C Model Setup 'clk'
Slack : 18.169
TNS   : 0.000

Type  : Fast 1100mV 0C Model Hold 'clk'
Slack : 0.125
TNS   : 0.000

Type  : Fast 1100mV 0C Model Minimum Pulse Width 'clk'
Slack : 9.422
TNS   : 0.000

------------------------------------------------------------
